Component: ARM Compiler 5.05 update 1 (build 106) Tool: armlink [4d0efa]

==============================================================================

Section Cross References

    main.o(i.main) refers to misc.o(i.NVIC_PriorityGroupConfig) for NVIC_PriorityGroupConfig
    main.o(i.main) refers to usart.o(i.My_USART1_Init) for My_USART1_Init
    main.o(i.main) refers to wifi.o(i.WIFI_init) for WIFI_init
    main.o(i.main) refers to drv_systick.o(i.drv_systick_init) for drv_systick_init
    main.o(i.main) refers to oled.o(i.OLED_Init) for OLED_Init
    main.o(i.main) refers to exit.o(i.EXITX_Init) for EXITX_Init
    main.o(i.main) refers to drv_led.o(i.drv_led_init) for drv_led_init
    main.o(i.main) refers to drv_bee.o(i.drv_bee_init) for drv_bee_init
    main.o(i.main) refers to ad.o(i.AD_init) for AD_init
    main.o(i.main) refers to dht11.o(i.DHT11_init) for DHT11_init
    main.o(i.main) refers to pwm.o(i.TIM1_PWM_Init) for TIM1_PWM_Init
    main.o(i.main) refers to pwm.o(i.TIM2_PWM_Init) for TIM2_PWM_Init
    main.o(i.main) refers to pwm.o(i.TIM12_PWM_Init) for TIM12_PWM_Init
    main.o(i.main) refers to timer.o(i.TIME6_Int_Init) for TIME6_Int_Init
    main.o(i.main) refers to timer.o(i.TIME5_Int_Init) for TIME5_Int_Init
    main.o(i.main) refers to wifi.o(i.WIFI_connect) for WIFI_connect
    stm32f4xx_it.o(i.EXTI15_10_IRQHandler) refers to stm32f4xx_exti.o(i.EXTI_GetITStatus) for EXTI_GetITStatus
    stm32f4xx_it.o(i.EXTI15_10_IRQHandler) refers to stm32f4xx_exti.o(i.EXTI_ClearITPendingBit) for EXTI_ClearITPendingBit
    stm32f4xx_it.o(i.EXTI15_10_IRQHandler) refers to stm32f4xx_tim.o(i.TIM_Cmd) for TIM_Cmd
    stm32f4xx_it.o(i.EXTI15_10_IRQHandler) refers to stm32f4xx_gpio.o(i.GPIO_ReadInputDataBit) for GPIO_ReadInputDataBit
    stm32f4xx_it.o(i.EXTI15_10_IRQHandler) refers to stm32f4xx_it.o(.data) for times4
    stm32f4xx_it.o(i.EXTI4_IRQHandler) refers to stm32f4xx_exti.o(i.EXTI_GetITStatus) for EXTI_GetITStatus
    stm32f4xx_it.o(i.EXTI4_IRQHandler) refers to stm32f4xx_exti.o(i.EXTI_ClearITPendingBit) for EXTI_ClearITPendingBit
    stm32f4xx_it.o(i.EXTI4_IRQHandler) refers to stm32f4xx_tim.o(i.TIM_Cmd) for TIM_Cmd
    stm32f4xx_it.o(i.EXTI4_IRQHandler) refers to stm32f4xx_gpio.o(i.GPIO_ReadInputDataBit) for GPIO_ReadInputDataBit
    stm32f4xx_it.o(i.EXTI4_IRQHandler) refers to stm32f4xx_it.o(.data) for times1
    stm32f4xx_it.o(i.EXTI9_5_IRQHandler) refers to stm32f4xx_exti.o(i.EXTI_GetITStatus) for EXTI_GetITStatus
    stm32f4xx_it.o(i.EXTI9_5_IRQHandler) refers to stm32f4xx_exti.o(i.EXTI_ClearITPendingBit) for EXTI_ClearITPendingBit
    stm32f4xx_it.o(i.EXTI9_5_IRQHandler) refers to stm32f4xx_tim.o(i.TIM_Cmd) for TIM_Cmd
    stm32f4xx_it.o(i.EXTI9_5_IRQHandler) refers to stm32f4xx_gpio.o(i.GPIO_ReadInputDataBit) for GPIO_ReadInputDataBit
    stm32f4xx_it.o(i.EXTI9_5_IRQHandler) refers to stm32f4xx_it.o(.data) for times2
    stm32f4xx_it.o(i.TIM5_IRQHandler) refers to stm32f4xx_tim.o(i.TIM_GetITStatus) for TIM_GetITStatus
    stm32f4xx_it.o(i.TIM5_IRQHandler) refers to stm32f4xx_tim.o(i.TIM_ClearITPendingBit) for TIM_ClearITPendingBit
    stm32f4xx_it.o(i.TIM5_IRQHandler) refers to oled.o(i.OLED_ShowString) for OLED_ShowString
    stm32f4xx_it.o(i.TIM5_IRQHandler) refers to oled.o(i.OLED_Refresh) for OLED_Refresh
    stm32f4xx_it.o(i.TIM5_IRQHandler) refers to strcmp.o(.text) for strcmp
    stm32f4xx_it.o(i.TIM5_IRQHandler) refers to stm32f4xx_gpio.o(i.GPIO_ToggleBits) for GPIO_ToggleBits
    stm32f4xx_it.o(i.TIM5_IRQHandler) refers to stm32f4xx_tim.o(i.TIM_SetCompare3) for TIM_SetCompare3
    stm32f4xx_it.o(i.TIM5_IRQHandler) refers to stm32f4xx_tim.o(i.TIM_SetCompare2) for TIM_SetCompare2
    stm32f4xx_it.o(i.TIM5_IRQHandler) refers to memseta.o(.text) for __aeabi_memclr
    stm32f4xx_it.o(i.TIM5_IRQHandler) refers to stm32f4xx_tim.o(i.TIM_Cmd) for TIM_Cmd
    stm32f4xx_it.o(i.TIM5_IRQHandler) refers to wifi.o(.data) for get
    stm32f4xx_it.o(i.TIM5_IRQHandler) refers to wifi.o(.bss) for GET_BUF
    stm32f4xx_it.o(i.TIM6_DAC_IRQHandler) refers to stm32f4xx_tim.o(i.TIM_GetITStatus) for TIM_GetITStatus
    stm32f4xx_it.o(i.TIM6_DAC_IRQHandler) refers to stm32f4xx_tim.o(i.TIM_ClearITPendingBit) for TIM_ClearITPendingBit
    stm32f4xx_it.o(i.TIM6_DAC_IRQHandler) refers to stm32f4xx_gpio.o(i.GPIO_ToggleBits) for GPIO_ToggleBits
    stm32f4xx_it.o(i.TIM6_DAC_IRQHandler) refers to oled.o(i.showpage2) for showpage2
    stm32f4xx_it.o(i.TIM6_DAC_IRQHandler) refers to oled.o(i.OLED_DrawCircle) for OLED_DrawCircle
    stm32f4xx_it.o(i.TIM6_DAC_IRQHandler) refers to oled.o(i.OLED_Refresh) for OLED_Refresh
    stm32f4xx_it.o(i.TIM6_DAC_IRQHandler) refers to stm32f4xx_tim.o(i.TIM_SetCompare1) for TIM_SetCompare1
    stm32f4xx_it.o(i.TIM6_DAC_IRQHandler) refers to stm32f4xx_tim.o(i.TIM_SetCompare3) for TIM_SetCompare3
    stm32f4xx_it.o(i.TIM6_DAC_IRQHandler) refers to oled.o(i.OLED_Clear) for OLED_Clear
    stm32f4xx_it.o(i.TIM6_DAC_IRQHandler) refers to oled.o(i.showpage1) for showpage1
[...]
    Removing stm32f4xx_spi.o(i.SPI_I2S_ClearITPendingBit), (20 bytes).
    Removing stm32f4xx_spi.o(i.SPI_I2S_DMACmd), (18 bytes).
    Removing stm32f4xx_spi.o(i.SPI_I2S_DeInit), (176 bytes).
    Removing stm32f4xx_spi.o(i.SPI_I2S_GetFlagStatus), (18 bytes).
    Removing stm32f4xx_spi.o(i.SPI_I2S_GetITStatus), (52 bytes).
    Removing stm32f4xx_spi.o(i.SPI_I2S_ITConfig), (32 bytes).
    Removing stm32f4xx_spi.o(i.SPI_I2S_ReceiveData), (6 bytes).
    Removing stm32f4xx_spi.o(i.SPI_I2S_SendData), (4 bytes).
    Removing stm32f4xx_spi.o(i.SPI_Init), (60 bytes).
    Removing stm32f4xx_spi.o(i.SPI_NSSInternalSoftwareConfig), (30 bytes).
    Removing stm32f4xx_spi.o(i.SPI_SSOutputCmd), (24 bytes).
    Removing stm32f4xx_spi.o(i.SPI_StructInit), (24 bytes).
    Removing stm32f4xx_spi.o(i.SPI_TIModeCmd), (24 bytes).
    Removing stm32f4xx_spi.o(i.SPI_TransmitCRC), (10 bytes).
    Removing stm32f4xx_syscfg.o(.rev16_text), (4 bytes).
    Removing stm32f4xx_syscfg.o(.revsh_text), (4 bytes).
    Removing stm32f4xx_syscfg.o(i.SYSCFG_CompensationCellCmd), (12 bytes).
    Removing stm32f4xx_syscfg.o(i.SYSCFG_DeInit), (22 bytes).
    Removing stm32f4xx_syscfg.o(i.SYSCFG_ETH_MediaInterfaceConfig), (12 bytes).
    Removing stm32f4xx_syscfg.o(i.SYSCFG_GetCompensationCellStatus), (24 bytes).
    Removing stm32f4xx_syscfg.o(i.SYSCFG_MemoryRemapConfig), (12 bytes).
    Removing stm32f4xx_syscfg.o(i.SYSCFG_MemorySwappingBank), (12 bytes).
    Removing stm32f4xx_tim.o(.rev16_text), (4 bytes).
    Removing stm32f4xx_tim.o(.revsh_text), (4 bytes).
    Removing stm32f4xx_tim.o(i.TI1_Config), (58 bytes).
    Removing stm32f4xx_tim.o(i.TI2_Config), (80 bytes).
    Removing stm32f4xx_tim.o(i.TI3_Config), (72 bytes).
    Removing stm32f4xx_tim.o(i.TI4_Config), (80 bytes).
    Removing stm32f4xx_tim.o(i.TIM_BDTRConfig), (32 bytes).
    Removing stm32f4xx_tim.o(i.TIM_BDTRStructInit), (18 bytes).
    Removing stm32f4xx_tim.o(i.TIM_CCPreloadControl), (24 bytes).
    Removing stm32f4xx_tim.o(i.TIM_CCxCmd), (30 bytes).
    Removing stm32f4xx_tim.o(i.TIM_CCxNCmd), (30 bytes).
    Removing stm32f4xx_tim.o(i.TIM_ClearFlag), (6 bytes).
    Removing stm32f4xx_tim.o(i.TIM_ClearOC1Ref), (18 bytes).
    Removing stm32f4xx_tim.o(i.TIM_ClearOC2Ref), (24 bytes).
    Removing stm32f4xx_tim.o(i.TIM_ClearOC3Ref), (18 bytes).
    Removing stm32f4xx_tim.o(i.TIM_ClearOC4Ref), (24 bytes).
    Removing stm32f4xx_tim.o(i.TIM_CounterModeConfig), (18 bytes).
    Removing stm32f4xx_tim.o(i.TIM_DMACmd), (18 bytes).
    Removing stm32f4xx_tim.o(i.TIM_DMAConfig), (10 bytes).
    Removing stm32f4xx_tim.o(i.TIM_DeInit), (400 bytes).
    Removing stm32f4xx_tim.o(i.TIM_ETRClockMode1Config), (54 bytes).
    Removing stm32f4xx_tim.o(i.TIM_ETRClockMode2Config), (32 bytes).
    Removing stm32f4xx_tim.o(i.TIM_ETRConfig), (28 bytes).
    Removing stm32f4xx_tim.o(i.TIM_EncoderInterfaceConfig), (66 bytes).
    Removing stm32f4xx_tim.o(i.TIM_ForcedOC1Config), (18 bytes).
    Removing stm32f4xx_tim.o(i.TIM_ForcedOC2Config), (26 bytes).
    Removing stm32f4xx_tim.o(i.TIM_ForcedOC3Config), (18 bytes).
    Removing stm32f4xx_tim.o(i.TIM_ForcedOC4Config), (26 bytes).
    Removing stm32f4xx_tim.o(i.TIM_GenerateEvent), (4 bytes).
    Removing stm32f4xx_tim.o(i.TIM_GetCapture1), (6 bytes).
    Removing stm32f4xx_tim.o(i.TIM_GetCapture2), (6 bytes).
    Removing stm32f4xx_tim.o(i.TIM_GetCapture3), (6 bytes).
    Removing stm32f4xx_tim.o(i.TIM_GetCapture4), (6 bytes).
    Removing stm32f4xx_tim.o(i.TIM_GetCounter), (6 bytes).
    Removing stm32f4xx_tim.o(i.TIM_GetFlagStatus), (18 bytes).
    Removing stm32f4xx_tim.o(i.TIM_GetPrescaler), (6 bytes).
    Removing stm32f4xx_tim.o(i.TIM_ICInit), (110 bytes).
    Removing stm32f4xx_tim.o(i.TIM_ICStructInit), (18 bytes).
    Removing stm32f4xx_tim.o(i.TIM_ITRxExternalClockConfig), (24 bytes).
    Removing stm32f4xx_tim.o(i.TIM_InternalClockConfig), (12 bytes).
    Removing stm32f4xx_tim.o(i.TIM_OC1FastConfig), (18 bytes).
    Removing stm32f4xx_tim.o(i.TIM_OC1NPolarityConfig), (18 bytes).
    Removing stm32f4xx_tim.o(i.TIM_OC1PolarityConfig), (18 bytes).
    Removing stm32f4xx_tim.o(i.TIM_OC2FastConfig), (26 bytes).
    Removing stm32f4xx_tim.o(i.TIM_OC2NPolarityConfig), (26 bytes).
    Removing stm32f4xx_tim.o(i.TIM_OC2PolarityConfig), (26 bytes).
    Removing stm32f4xx_tim.o(i.TIM_OC3FastConfig), (18 bytes).
    Removing stm32f4xx_tim.o(i.TIM_OC3NPolarityConfig), (26 bytes).
    Removing stm32f4xx_tim.o(i.TIM_OC3PolarityConfig), (26 bytes).
    Removing stm32f4xx_tim.o(i.TIM_OC4FastConfig), (26 bytes).
    Removing stm32f4xx_tim.o(i.TIM_OC4Init), (120 bytes).
    Removing stm32f4xx_tim.o(i.TIM_OC4PolarityConfig), (26 bytes).
    Removing stm32f4xx_tim.o(i.TIM_OC4PreloadConfig), (26 bytes).
    Removing stm32f4xx_tim.o(i.TIM_OCStructInit), (20 bytes).
    Removing stm32f4xx_tim.o(i.TIM_PWMIConfig), (124 bytes).
    Removing stm32f4xx_tim.o(i.TIM_PrescalerConfig), (6 bytes).
    Removing stm32f4xx_tim.o(i.TIM_RemapConfig), (6 bytes).
    Removing stm32f4xx_tim.o(i.TIM_SelectCCDMA), (24 bytes).
    Removing stm32f4xx_tim.o(i.TIM_SelectCOM), (24 bytes).
    Removing stm32f4xx_tim.o(i.TIM_SelectHallSensor), (24 bytes).
    Removing stm32f4xx_tim.o(i.TIM_SelectInputTrigger), (18 bytes).
    Removing stm32f4xx_tim.o(i.TIM_SelectMasterSlaveMode), (18 bytes).
    Removing stm32f4xx_tim.o(i.TIM_SelectOCxM), (86 bytes).
    Removing stm32f4xx_tim.o(i.TIM_SelectOnePulseMode), (18 bytes).
    Removing stm32f4xx_tim.o(i.TIM_SelectOutputTrigger), (18 bytes).
    Removing stm32f4xx_tim.o(i.TIM_SelectSlaveMode), (18 bytes).
    Removing stm32f4xx_tim.o(i.TIM_SetAutoreload), (4 bytes).
    Removing stm32f4xx_tim.o(i.TIM_SetClockDivision), (18 bytes).
    Removing stm32f4xx_tim.o(i.TIM_SetCompare4), (4 bytes).
    Removing stm32f4xx_tim.o(i.TIM_SetCounter), (4 bytes).
    Removing stm32f4xx_tim.o(i.TIM_SetIC1Prescaler), (18 bytes).
    Removing stm32f4xx_tim.o(i.TIM_SetIC2Prescaler), (26 bytes).
    Removing stm32f4xx_tim.o(i.TIM_SetIC3Prescaler), (18 bytes).
    Removing stm32f4xx_tim.o(i.TIM_SetIC4Prescaler), (26 bytes).
    Removing stm32f4xx_tim.o(i.TIM_TIxExternalClockConfig), (62 bytes).
    Removing stm32f4xx_tim.o(i.TIM_TimeBaseStructInit), (18 bytes).
    Removing stm32f4xx_tim.o(i.TIM_UpdateDisableConfig), (24 bytes).
    Removing stm32f4xx_tim.o(i.TIM_UpdateRequestConfig), (24 bytes).
    Removing stm32f4xx_usart.o(.rev16_text), (4 bytes).
    Removing stm32f4xx_usart.o(.revsh_text), (4 bytes).
    Removing stm32f4xx_usart.o(i.USART_ClockInit), (32 bytes).
    Removing stm32f4xx_usart.o(i.USART_ClockStructInit), (12 bytes).
    Removing stm32f4xx_usart.o(i.USART_DMACmd), (18 bytes).
    Removing stm32f4xx_usart.o(i.USART_DeInit), (240 bytes).
    Removing stm32f4xx_usart.o(i.USART_HalfDuplexCmd), (24 bytes).
    Removing stm32f4xx_usart.o(i.USART_IrDACmd), (24 bytes).
    Removing stm32f4xx_usart.o(i.USART_IrDAConfig), (18 bytes).
    Removing stm32f4xx_usart.o(i.USART_LINBreakDetectLengthConfig), (18 bytes).
    Removing stm32f4xx_usart.o(i.USART_LINCmd), (24 bytes).
    Removing stm32f4xx_usart.o(i.USART_OneBitMethodCmd), (24 bytes).
    Removing stm32f4xx_usart.o(i.USART_OverSampling8Cmd), (22 bytes).
    Removing stm32f4xx_usart.o(i.USART_ReceiverWakeUpCmd), (24 bytes).
    Removing stm32f4xx_usart.o(i.USART_SendBreak), (10 bytes).
    Removing stm32f4xx_usart.o(i.USART_SetAddress), (18 bytes).
    Removing stm32f4xx_usart.o(i.USART_SetGuardTime), (16 bytes).
    Removing stm32f4xx_usart.o(i.USART_SetPrescaler), (16 bytes).
    Removing stm32f4xx_usart.o(i.USART_SmartCardCmd), (24 bytes).
    Removing stm32f4xx_usart.o(i.USART_SmartCardNACKCmd), (24 bytes).
    Removing stm32f4xx_usart.o(i.USART_StructInit), (24 bytes).
    Removing stm32f4xx_usart.o(i.USART_WakeUpConfig), (18 bytes).
    Removing stm32f4xx_wwdg.o(.rev16_text), (4 bytes).
    Removing stm32f4xx_wwdg.o(.revsh_text), (4 bytes).
    Removing stm32f4xx_wwdg.o(i.WWDG_ClearFlag), (12 bytes).
    Removing stm32f4xx_wwdg.o(i.WWDG_DeInit), (22 bytes).
    Removing stm32f4xx_wwdg.o(i.WWDG_Enable), (16 bytes).
    Removing stm32f4xx_wwdg.o(i.WWDG_EnableIT), (12 bytes).
    Removing stm32f4xx_wwdg.o(i.WWDG_GetFlagStatus), (20 bytes).
    Removing stm32f4xx_wwdg.o(i.WWDG_SetCounter), (16 bytes).
    Removing stm32f4xx_wwdg.o(i.WWDG_SetPrescaler), (24 bytes).
    Removing stm32f4xx_wwdg.o(i.WWDG_SetWindowValue), (40 bytes).
    Removing startup_stm32f40_41xxx.o(HEAP), (512 bytes).
    Removing dadd.o(.text), (334 bytes).
    Removing dmul.o(.text), (228 bytes).
    Removing ddiv.o(.text), (222 bytes).
    Removing dfixul.o(.text), (48 bytes).
    Removing cdrcmple.o(.text), (48 bytes).
    Removing depilogue.o(.text), (186 bytes).

820 unused section(s) (total 38189 bytes) removed from the image.

==============================================================================

Image Symbol Table

    Local Symbols

    Symbol Name                              Value     Ov Type        Size  Object(Section)

    ../clib/../cmprslib/lz77c.c              0x00000000   Number         0  __dclz77c.o ABSOLUTE
    ../clib/microlib/division.c              0x00000000   Number         0  uidiv.o ABSOLUTE
    ../clib/microlib/division.c              0x00000000   Number         0  uldiv.o ABSOLUTE
    ../clib/microlib/init/entry.s            0x00000000   Number         0  entry8b.o ABSOLUTE
    ../clib/microlib/init/entry.s            0x00000000   Number         0  entry11b.o ABSOLUTE
    ../clib/microlib/init/entry.s            0x00000000   Number         0  entry11a.o ABSOLUTE
    ../clib/microlib/init/entry.s            0x00000000   Number         0  entry7a.o ABSOLUTE
    ../clib/microlib/init/entry.s            0x00000000   Number         0  entry10b.o ABSOLUTE
    ../clib/microlib/init/entry.s            0x00000000   Number         0  entry10a.o ABSOLUTE
    ../clib/microlib/init/entry.s            0x00000000   Number         0  entry9b.o ABSOLUTE
    ../clib/microlib/init/entry.s            0x00000000   Number         0  entry2.o ABSOLUTE
    ../clib/microlib/init/entry.s            0x00000000   Number         0  entry9a.o ABSOLUTE
    ../clib/microlib/init/entry.s            0x00000000   Number         0  entry.o ABSOLUTE
    ../clib/microlib/init/entry.s            0x00000000   Number         0  entry8a.o ABSOLUTE
    ../clib/microlib/init/entry.s            0x00000000   Number         0  entry7b.o ABSOLUTE
    ../clib/microlib/init/entry.s            0x00000000   Number         0  entry5.o ABSOLUTE
    ../clib/microlib/longlong.c              0x00000000   Number         0  llsshr.o ABSOLUTE
    ../clib/microlib/longlong.c              0x00000000   Number         0  llushr.o ABSOLUTE
    ../clib/microlib/longlong.c              0x00000000   Number         0  llshl.o ABSOLUTE
    ../clib/microlib/printf/printf.c         0x00000000   Number         0  printf0.o ABSOLUTE
    ../clib/microlib/printf/printf.c         0x00000000   Number         0  printf1.o ABSOLUTE
    ../clib/microlib/printf/printf.c         0x00000000   Number         0  printfb.o ABSOLUTE
    ../clib/microlib/printf/printf.c         0x00000000   Number         0  printf6.o ABSOLUTE
    ../clib/microlib/printf/printf.c         0x00000000   Number         0  printf5.o ABSOLUTE
    ../clib/microlib/printf/printf.c         0x00000000   Number         0  printf8.o ABSOLUTE
    ../clib/microlib/printf/printf.c         0x00000000   Number         0  printf7.o ABSOLUTE
    ../clib/microlib/printf/printf.c         0x00000000   Number         0  printfa.o ABSOLUTE
    ../clib/microlib/printf/printf.c         0x00000000   Number         0  printf4.o ABSOLUTE
    ../clib/microlib/printf/printf.c         0x00000000   Number         0  printf3.o ABSOLUTE
    ../clib/microlib/printf/printf.c         0x00000000   Number         0  printf2.o ABSOLUTE
    ../clib/microlib/printf/stubs.s          0x00000000   Number         0  stubs.o ABSOLUTE
    ../clib/microlib/stdio/streams.c         0x00000000   Number         0  stdout.o ABSOLUTE
    ../clib/microlib/string/memset.c         0x00000000   Number         0  memseta.o ABSOLUTE
    ../clib/microlib/string/strcmp.c         0x00000000   Number         0  strcmp.o ABSOLUTE
    ../clib/microlib/stubs.s                 0x00000000   Number         0  iusefp.o ABSOLUTE
    ../fplib/microlib/fpadd.c                0x00000000   Number         0  dadd.o ABSOLUTE
    ../fplib/microlib/fpdiv.c                0x00000000   Number         0  ddiv.o ABSOLUTE
    ../fplib/microlib/fpepilogue.c           0x00000000   Number         0  depilogue.o ABSOLUTE
    ../fplib/microlib/fpfix.c                0x00000000   Number         0  dfixul.o ABSOLUTE
    ../fplib/microlib/fpmul.c                0x00000000   Number         0  dmul.o ABSOLUTE
    ..\\apps\\main.c                         0x00000000   Number         0  main.o ABSOLUTE
    ..\\apps\\stm32f4xx_it.c                 0x00000000   Number         0  stm32f4xx_it.o ABSOLUTE
    ..\\driver\\AD\\AD.c                     0x00000000   Number         0  ad.o ABSOLUTE
    ..\\driver\\DHT11\\DHT11.c               0x00000000   Number         0  dht11.o ABSOLUTE
    ..\\driver\\DMA\\DMA.c                   0x00000000   Number         0  dma.o ABSOLUTE
    ..\\driver\\Drv_led\\drv_led.c           0x00000000   Number         0  drv_led.o ABSOLUTE
    ..\\driver\\OLED\\oled.c                 0x00000000   Number         0  oled.o ABSOLUTE
    ..\\driver\\USART\\usart.c               0x00000000   Number         0  usart.o ABSOLUTE
    ..\\driver\\WIFI\\WIFI.c                 0x00000000   Number         0  wifi.o ABSOLUTE
    ..\\driver\\at24c02\\drv_at24c02.c       0x00000000   Number         0  drv_at24c02.o ABSOLUTE
    ..\\driver\\drv_bee\\drv_bee.c           0x00000000   Number         0  drv_bee.o ABSOLUTE
    ..\\driver\\drv_iwdog\\drv_iwdog.c       0x00000000   Number         0  drv_iwdog.o ABSOLUTE
    ..\\driver\\drv_key\\drv_key.c           0x00000000   Number         0  drv_key.o ABSOLUTE
    ..\\driver\\drv_key\\drv_key2.c          0x00000000   Number         0  drv_key2.o ABSOLUTE
    ..\\driver\\drv_spi\\drv_spi.c           0x00000000   Number         0  drv_spi.o ABSOLUTE
    ..\\driver\\drv_systick\\drv_systick.c   0x00000000   Number         0  drv_systick.o ABSOLUTE
    ..\\driver\\exit\\exit.c                 0x00000000   Number         0  exit.o ABSOLUTE
    ..\\driver\\iic\\drv_iic.c               0x00000000   Number         0  drv_iic.o ABSOLUTE
    ..\\driver\\pwm\\pwm.c                   0x00000000   Number         0  pwm.o ABSOLUTE
    ..\\driver\\timer\\timer.c               0x00000000   Number         0  timer.o ABSOLUTE
    ..\\driver\\w25qxx\\drv_w25qxx.c         0x00000000   Number         0  drv_w25qxx.o ABSOLUTE
    ..\\libraries\\CMSIS\\Device\\ST\\STM32F4xx\\Source\\Templates\\system_stm32f4xx.c 0x00000000   Number         0  system_stm32f4xx.o ABSOLUTE
    ..\\libraries\\STM32F4xx_StdPeriph_Driver\\src\\misc.c 0x00000000   Number         0  misc.o ABSOLUTE
    ..\\libraries\\STM32F4xx_StdPeriph_Driver\\src\\stm32f4xx_adc.c 0x00000000   Number         0  stm32f4xx_adc.o ABSOLUTE
    ..\\libraries\\STM32F4xx_StdPeriph_Driver\\src\\stm32f4xx_can.c 0x00000000   Number         0  stm32f4xx_can.o ABSOLUTE
    ..\\libraries\\STM32F4xx_StdPeriph_Driver\\src\\stm32f4xx_crc.c 0x00000000   Number         0  stm32f4xx_crc.o ABSOLUTE
    ..\\libraries\\STM32F4xx_StdPeriph_Driver\\src\\stm32f4xx_cryp.c 0x00000000   Number         0  stm32f4xx_cryp.o ABSOLUTE
    ..\\libraries\\STM32F4xx_StdPeriph_Driver\\src\\stm32f4xx_cryp_aes.c 0x00000000   Number         0  stm32f4xx_cryp_aes.o ABSOLUTE
    ..\\libraries\\STM32F4xx_StdPeriph_Driver\\src\\stm32f4xx_cryp_des.c 0x00000000   Number         0  stm32f4xx_cryp_des.o ABSOLUTE
    ..\\libraries\\STM32F4xx_StdPeriph_Driver\\src\\stm32f4xx_cryp_tdes.c 0x00000000   Number         0  stm32f4xx_cryp_tdes.o ABSOLUTE
    ..\\libraries\\STM32F4xx_StdPeriph_Driver\\src\\stm32f4xx_dac.c 0x00000000   Number         0  stm32f4xx_dac.o ABSOLUTE
    ..\\libraries\\STM32F4xx_StdPeriph_Driver\\src\\stm32f4xx_dbgmcu.c 0x00000000   Number         0  stm32f4xx_dbgmcu.o ABSOLUTE
    ..\\libraries\\STM32F4xx_StdPeriph_Driver\\src\\stm32f4xx_dcmi.c 0x00000000   Number         0  stm32f4xx_dcmi.o ABSOLUTE
    ..\\libraries\\STM32F4xx_StdPeriph_Driver\\src\\stm32f4xx_dma.c 0x00000000   Number         0  stm32f4xx_dma.o ABSOLUTE
    ..\\libraries\\STM32F4xx_StdPeriph_Driver\\src\\stm32f4xx_dma2d.c 0x00000000   Number         0  stm32f4xx_dma2d.o ABSOLUTE
    ..\\libraries\\STM32F4xx_StdPeriph_Driver\\src\\stm32f4xx_exti.c 0x00000000   Number         0  stm32f4xx_exti.o ABSOLUTE
    ..\\libraries\\STM32F4xx_StdPeriph_Driver\\src\\stm32f4xx_flash.c 0x00000000   Number         0  stm32f4xx_flash.o ABSOLUTE
    ..\\libraries\\STM32F4xx_StdPeriph_Driver\\src\\stm32f4xx_flash_ramfunc.c 0x00000000   Number         0  stm32f4xx_flash_ramfunc.o ABSOLUTE
    ..\\libraries\\STM32F4xx_StdPeriph_Driver\\src\\stm32f4xx_fsmc.c 0x00000000   Number         0  stm32f4xx_fsmc.o ABSOLUTE
    ..\\libraries\\STM32F4xx_StdPeriph_Driver\\src\\stm32f4xx_gpio.c 0x00000000   Number         0  stm32f4xx_gpio.o ABSOLUTE
    ..\\libraries\\STM32F4xx_StdPeriph_Driver\\src\\stm32f4xx_hash.c 0x00000000   Number         0  stm32f4xx_hash.o ABSOLUTE
    ..\\libraries\\STM32F4xx_StdPeriph_Driver\\src\\stm32f4xx_hash_md5.c 0x00000000   Number         0  stm32f4xx_hash_md5.o ABSOLUTE
    ..\\libraries\\STM32F4xx_StdPeriph_Driver\\src\\stm32f4xx_hash_sha1.c 0x00000000   Number         0  stm32f4xx_hash_sha1.o ABSOLUTE
    ..\\libraries\\STM32F4xx_StdPeriph_Driver\\src\\stm32f4xx_i2c.c 0x00000000   Number         0  stm32f4xx_i2c.o ABSOLUTE
    ..\\libraries\\STM32F4xx_StdPeriph_Driver\\src\\stm32f4xx_iwdg.c 0x00000000   Number         0  stm32f4xx_iwdg.o ABSOLUTE
    ..\\libraries\\STM32F4xx_StdPeriph_Driver\\src\\stm32f4xx_ltdc.c 0x00000000   Number         0  stm32f4xx_ltdc.o ABSOLUTE
    ..\\libraries\\STM32F4xx_StdPeriph_Driver\\src\\stm32f4xx_pwr.c 0x00000000   Number         0  stm32f4xx_pwr.o ABSOLUTE
    ..\\libraries\\STM32F4xx_StdPeriph_Driver\\src\\stm32f4xx_rcc.c 0x00000000   Number         0  stm32f4xx_rcc.o ABSOLUTE
    ..\\libraries\\STM32F4xx_StdPeriph_Driver\\src\\stm32f4xx_rng.c 0x00000000   Number         0  stm32f4xx_rng.o ABSOLUTE
    ..\\libraries\\STM32F4xx_StdPeriph_Driver\\src\\stm32f4xx_rtc.c 0x00000000   Number         0  stm32f4xx_rtc.o ABSOLUTE
    ..\\libraries\\STM32F4xx_StdPeriph_Driver\\src\\stm32f4xx_sai.c 0x00000000   Number         0  stm32f4xx_sai.o ABSOLUTE
    ..\\libraries\\STM32F4xx_StdPeriph_Driver\\src\\stm32f4xx_sdio.c 0x00000000   Number         0  stm32f4xx_sdio.o ABSOLUTE
    ..\\libraries\\STM32F4xx_StdPeriph_Driver\\src\\stm32f4xx_spi.c 0x00000000   Number         0  stm32f4xx_spi.o ABSOLUTE
    ..\\libraries\\STM32F4xx_StdPeriph_Driver\\src\\stm32f4xx_syscfg.c 0x00000000   Number         0  stm32f4xx_syscfg.o ABSOLUTE
    ..\\libraries\\STM32F4xx_StdPeriph_Driver\\src\\stm32f4xx_tim.c 0x00000000   Number         0  stm32f4xx_tim.o ABSOLUTE
    ..\\libraries\\STM32F4xx_StdPeriph_Driver\\src\\stm32f4xx_usart.c 0x00000000   Number         0  stm32f4xx_usart.o ABSOLUTE
    ..\\libraries\\STM32F4xx_StdPeriph_Driver\\src\\stm32f4xx_wwdg.c 0x00000000   Number         0  stm32f4xx_wwdg.o ABSOLUTE
    ..\apps\main.c                           0x00000000   Number         0  main.o ABSOLUTE
    ..\apps\stm32f4xx_it.c                   0x00000000   Number         0  stm32f4xx_it.o ABSOLUTE
    ..\driver\AD\AD.c                        0x00000000   Number         0  ad.o ABSOLUTE
    ..\driver\DHT11\DHT11.c                  0x00000000   Number         0  dht11.o ABSOLUTE
    ..\driver\DMA\DMA.c                      0x00000000   Number         0  dma.o ABSOLUTE
    ..\driver\Drv_led\drv_led.c              0x00000000   Number         0  drv_led.o ABSOLUTE
    ..\driver\OLED\oled.c                    0x00000000   Number         0  oled.o ABSOLUTE
    ..\driver\USART\usart.c                  0x00000000   Number         0  usart.o ABSOLUTE
    ..\driver\WIFI\WIFI.c                    0x00000000   Number         0  wifi.o ABSOLUTE
    ..\driver\at24c02\drv_at24c02.c          0x00000000   Number         0  drv_at24c02.o ABSOLUTE
    ..\driver\drv_bee\drv_bee.c              0x00000000   Number         0  drv_bee.o ABSOLUTE
    ..\driver\drv_iwdog\drv_iwdog.c          0x00000000   Number         0  drv_iwdog.o ABSOLUTE
    ..\driver\drv_key\drv_key.c              0x00000000   Number         0  drv_key.o ABSOLUTE
    ..\driver\drv_key\drv_key2.c             0x00000000   Number         0  drv_key2.o ABSOLUTE
    ..\driver\drv_spi\drv_spi.c              0x00000000   Number         0  drv_spi.o ABSOLUTE
    ..\driver\drv_systick\drv_systick.c      0x00000000   Number         0  drv_systick.o ABSOLUTE
    ..\driver\exit\exit.c                    0x00000000   Number         0  exit.o ABSOLUTE
    ..\driver\iic\drv_iic.c                  0x00000000   Number         0  drv_iic.o ABSOLUTE
    ..\driver\pwm\pwm.c                      0x00000000   Number         0  pwm.o ABSOLUTE
    ..\driver\timer\timer.c                  0x00000000   Number         0  timer.o ABSOLUTE
    ..\driver\w25qxx\drv_w25qxx.c            0x00000000   Number         0  drv_w25qxx.o ABSOLUTE
    ..\libraries\CMSIS\Device\ST\STM32F4xx\Source\Templates\arm\startup_stm32f40_41xxx.s 0x00000000   Number         0  startup_stm32f40_41xxx.o ABSOLUTE
    ..\libraries\CMSIS\Device\ST\STM32F4xx\Source\Templates\system_stm32f4xx.c 0x00000000   Number         0  system_stm32f4xx.o ABSOLUTE
    ..\libraries\STM32F4xx_StdPeriph_Driver\src\misc.c 0x00000000   Number         0  misc.o ABSOLUTE
    ..\libraries\STM32F4xx_StdPeriph_Driver\src\stm32f4xx_adc.c 0x00000000   Number         0  stm32f4xx_adc.o ABSOLUTE
    ..\libraries\STM32F4xx_StdPeriph_Driver\src\stm32f4xx_can.c 0x00000000   Number         0  stm32f4xx_can.o ABSOLUTE
    ..\libraries\STM32F4xx_StdPeriph_Driver\src\stm32f4xx_crc.c 0x00000000   Number         0  stm32f4xx_crc.o ABSOLUTE
    ..\libraries\STM32F4xx_StdPeriph_Driver\src\stm32f4xx_cryp.c 0x00000000   Number         0  stm32f4xx_cryp.o ABSOLUTE
    ..\libraries\STM32F4xx_StdPeriph_Driver\src\stm32f4xx_cryp_aes.c 0x00000000   Number         0  stm32f4xx_cryp_aes.o ABSOLUTE
    ..\libraries\STM32F4xx_StdPeriph_Driver\src\stm32f4xx_cryp_des.c 0x00000000   Number         0  stm32f4xx_cryp_des.o ABSOLUTE
    ..\libraries\STM32F4xx_StdPeriph_Driver\src\stm32f4xx_cryp_tdes.c 0x00000000   Number         0  stm32f4xx_cryp_tdes.o ABSOLUTE
    ..\libraries\STM32F4xx_StdPeriph_Driver\src\stm32f4xx_dac.c 0x00000000   Number         0  stm32f4xx_dac.o ABSOLUTE
    ..\libraries\STM32F4xx_StdPeriph_Driver\src\stm32f4xx_dbgmcu.c 0x00000000   Number         0  stm32f4xx_dbgmcu.o ABSOLUTE
    ..\libraries\STM32F4xx_StdPeriph_Driver\src\stm32f4xx_dcmi.c 0x00000000   Number         0  stm32f4xx_dcmi.o ABSOLUTE
    ..\libraries\STM32F4xx_StdPeriph_Driver\src\stm32f4xx_dma.c 0x00000000   Number         0  stm32f4xx_dma.o ABSOLUTE
    ..\libraries\STM32F4xx_StdPeriph_Driver\src\stm32f4xx_dma2d.c 0x00000000   Number         0  stm32f4xx_dma2d.o ABSOLUTE
    ..\libraries\STM32F4xx_StdPeriph_Driver\src\stm32f4xx_exti.c 0x00000000   Number         0  stm32f4xx_exti.o ABSOLUTE
    ..\libraries\STM32F4xx_StdPeriph_Driver\src\stm32f4xx_flash.c 0x00000000   Number         0  stm32f4xx_flash.o ABSOLUTE
    ..\libraries\STM32F4xx_StdPeriph_Driver\src\stm32f4xx_flash_ramfunc.c 0x00000000   Number         0  stm32f4xx_flash_ramfunc.o ABSOLUTE
    ..\libraries\STM32F4xx_StdPeriph_Driver\src\stm32f4xx_fsmc.c 0x00000000   Number         0  stm32f4xx_fsmc.o ABSOLUTE
    ..\libraries\STM32F4xx_StdPeriph_Driver\src\stm32f4xx_gpio.c 0x00000000   Number         0  stm32f4xx_gpio.o ABSOLUTE
    ..\libraries\STM32F4xx_StdPeriph_Driver\src\stm32f4xx_hash.c 0x00000000   Number         0  stm32f4xx_hash.o ABSOLUTE
    ..\libraries\STM32F4xx_StdPeriph_Driver\src\stm32f4xx_hash_md5.c 0x00000000   Number         0  stm32f4xx_hash_md5.o ABSOLUTE
    ..\libraries\STM32F4xx_StdPeriph_Driver\src\stm32f4xx_hash_sha1.c 0x00000000   Number         0  stm32f4xx_hash_sha1.o ABSOLUTE
    ..\libraries\STM32F4xx_StdPeriph_Driver\src\stm32f4xx_i2c.c 0x00000000   Number         0  stm32f4xx_i2c.o ABSOLUTE
    ..\libraries\STM32F4xx_StdPeriph_Driver\src\stm32f4xx_iwdg.c 0x00000000   Number         0  stm32f4xx_iwdg.o ABSOLUTE
    ..\libraries\STM32F4xx_StdPeriph_Driver\src\stm32f4xx_ltdc.c 0x00000000   Number         0  stm32f4xx_ltdc.o ABSOLUTE
    ..\libraries\STM32F4xx_StdPeriph_Driver\src\stm32f4xx_pwr.c 0x00000000   Number         0  stm32f4xx_pwr.o ABSOLUTE
    ..\libraries\STM32F4xx_StdPeriph_Driver\src\stm32f4xx_rcc.c 0x00000000   Number         0  stm32f4xx_rcc.o ABSOLUTE
    ..\libraries\STM32F4xx_StdPeriph_Driver\src\stm32f4xx_rng.c 0x00000000   Number         0  stm32f4xx_rng.o ABSOLUTE
    ..\libraries\STM32F4xx_StdPeriph_Driver\src\stm32f4xx_rtc.c 0x00000000   Number         0  stm32f4xx_rtc.o ABSOLUTE
    ..\libraries\STM32F4xx_StdPeriph_Driver\src\stm32f4xx_sai.c 0x00000000   Number         0  stm32f4xx_sai.o ABSOLUTE
    ..\libraries\STM32F4xx_StdPeriph_Driver\src\stm32f4xx_sdio.c 0x00000000   Number         0  stm32f4xx_sdio.o ABSOLUTE
    ..\libraries\STM32F4xx_StdPeriph_Driver\src\stm32f4xx_spi.c 0x00000000   Number         0  stm32f4xx_spi.o ABSOLUTE
    ..\libraries\STM32F4xx_StdPeriph_Driver\src\stm32f4xx_syscfg.c 0x00000000   Number         0  stm32f4xx_syscfg.o ABSOLUTE
    ..\libraries\STM32F4xx_StdPeriph_Driver\src\stm32f4xx_tim.c 0x00000000   Number         0  stm32f4xx_tim.o ABSOLUTE
    ..\libraries\STM32F4xx_StdPeriph_Driver\src\stm32f4xx_usart.c 0x00000000   Number         0  stm32f4xx_usart.o ABSOLUTE
    ..\libraries\STM32F4xx_StdPeriph_Driver\src\stm32f4xx_wwdg.c 0x00000000   Number         0  stm32f4xx_wwdg.o ABSOLUTE
    cdrcmple.s                               0x00000000   Number         0  cdrcmple.o ABSOLUTE
    dc.s                                     0x00000000   Number         0  dc.o ABSOLUTE
    handlers.s                               0x00000000   Number         0  handlers.o ABSOLUTE
    init.s                                   0x00000000   Number         0  init.o ABSOLUTE
    RESET                                    0x08000000   Section      392  startup_stm32f40_41xxx.o(RESET)
    .ARM.Collect$$$$00000000                 0x08000188   Section        0  entry.o(.ARM.Collect$$$$00000000)
    .ARM.Collect$$$$00000001                 0x08000188   Section        4  entry2.o(.ARM.Collect$$$$00000001)
    .ARM.Collect$$$$00000004                 0x0800018c   Section        4  entry5.o(.ARM.Collect$$$$00000004)
    .ARM.Collect$$$$00000008                 0x08000190   Section        0  entry7b.o(.ARM.Collect$$$$00000008)
    .ARM.Collect$$$$0000000A                 0x08000190   Section        0  entry8b.o(.ARM.Collect$$$$0000000A)
    .ARM.Collect$$$$0000000B                 0x08000190   Section        8  entry9a.o(.ARM.Collect$$$$0000000B)
    .ARM.Collect$$$$0000000D                 0x08000198   Section        0  entry10a.o(.ARM.Collect$$$$0000000D)
    .ARM.Collect$$$$0000000F                 0x08000198   Section        0  entry11a.o(.ARM.Collect$$$$0000000F)
    .ARM.Collect$$$$00002712                 0x08000198   Section        4  entry2.o(.ARM.Collect$$$$00002712)
    __lit__00000000                          0x08000198   Data           4  entry2.o(.ARM.Collect$$$$00002712)
    .text                                    0x0800019c   Section       36  startup_stm32f40_41xxx.o(.text)
    $v0                                      0x0800019c   Number         0  startup_stm32f40_41xxx.o(.text)
    .text                                    0x080001c0   Section        0  memseta.o(.text)
    .text                                    0x080001e4   Section        0  strcmp.o(.text)
    .text                                    0x08000200   Section        0  uldiv.o(.text)
    .text                                    0x08000264   Section       36  init.o(.text)
    .text                                    0x08000288   Section        0  llshl.o(.text)
    .text                                    0x080002a6   Section        0  llushr.o(.text)
    .text                                    0x080002c6   Section        0  __dclz77c.o(.text)
    i.ADC_Cmd                                0x08000324   Section        0  stm32f4xx_adc.o(i.ADC_Cmd)
    i.ADC_CommonInit                         0x0800033c   Section        0  stm32f4xx_adc.o(i.ADC_CommonInit)
    i.ADC_DMACmd                             0x0800036c   Section        0  stm32f4xx_adc.o(i.ADC_DMACmd)
    i.ADC_DMARequestAfterLastTransferCmd     0x08000382   Section        0  stm32f4xx_adc.o(i.ADC_DMARequestAfterLastTransferCmd)
    i.ADC_Init                               0x08000398   Section        0  stm32f4xx_adc.o(i.ADC_Init)
    i.ADC_RegularChannelConfig               0x080003ec   Section        0  stm32f4xx_adc.o(i.ADC_RegularChannelConfig)
    i.ADC_SoftwareStartConv                  0x080004a4   Section        0  stm32f4xx_adc.o(i.ADC_SoftwareStartConv)
    i.AD_init                                0x080004b0   Section        0  ad.o(i.AD_init)
    i.BusFault_Handler                       0x080005a0   Section        0  stm32f4xx_it.o(i.BusFault_Handler)
    i.DHT11_init                             0x080005a4   Section        0  dht11.o(i.DHT11_init)
    i.DHT11_input                            0x080005c0   Section        0  dht11.o(i.DHT11_input)
    i.DHT11_output                           0x080005dc   Section        0  dht11.o(i.DHT11_output)
    i.DHT11_read_bitdata                     0x0800060c   Section        0  dht11.o(i.DHT11_read_bitdata)
    i.DHT11_read_data                        0x08000660   Section        0  dht11.o(i.DHT11_read_data)
    i.DMA_Cmd                                0x08000748   Section        0  stm32f4xx_dma.o(i.DMA_Cmd)
    i.DMA_Init                               0x08000760   Section        0  stm32f4xx_dma.o(i.DMA_Init)
    i.DebugMon_Handler                       0x080007b8   Section        0  stm32f4xx_it.o(i.DebugMon_Handler)
    i.EXITX_Init                             0x080007bc   Section        0  exit.o(i.EXITX_Init)
    i.EXTI15_10_IRQHandler                   0x0800088c   Section        0  stm32f4xx_it.o(i.EXTI15_10_IRQHandler)
    i.EXTI4_IRQHandler                       0x080008cc   Section        0  stm32f4xx_it.o(i.EXTI4_IRQHandler)
    i.EXTI9_5_IRQHandler                     0x08000908   Section        0  stm32f4xx_it.o(i.EXTI9_5_IRQHandler)
    i.EXTI_ClearITPendingBit                 0x08000970   Section        0  stm32f4xx_exti.o(i.EXTI_ClearITPendingBit)
    i.EXTI_GetITStatus                       0x0800097c   Section        0  stm32f4xx_exti.o(i.EXTI_GetITStatus)
    i.EXTI_Init                              0x08000994   Section        0  stm32f4xx_exti.o(i.EXTI_Init)
    i.GPIO_Init                              0x08000a28   Section        0  stm32f4xx_gpio.o(i.GPIO_Init)
    i.GPIO_PinAFConfig                       0x08000ab8   Section        0  stm32f4xx_gpio.o(i.GPIO_PinAFConfig)
    i.GPIO_ReadInputDataBit                  0x08000afe   Section        0  stm32f4xx_gpio.o(i.GPIO_ReadInputDataBit)
    i.GPIO_ResetBits                         0x08000b10   Section        0  stm32f4xx_gpio.o(i.GPIO_ResetBits)
    i.GPIO_SetBits                           0x08000b14   Section        0  stm32f4xx_gpio.o(i.GPIO_SetBits)
    i.GPIO_ToggleBits                        0x08000b18   Section        0  stm32f4xx_gpio.o(i.GPIO_ToggleBits)
    i.Get_Adc_Average                        0x08000b20   Section        0  ad.o(i.Get_Adc_Average)
    i.HardFault_Handler                      0x08000b44   Section        0  stm32f4xx_it.o(i.HardFault_Handler)
    i.I2C_Start                              0x08000b48   Section        0  oled.o(i.I2C_Start)
    i.I2C_Stop                               0x08000b7c   Section        0  oled.o(i.I2C_Stop)
    i.I2C_WaitAck                            0x08000ba0   Section        0  oled.o(i.I2C_WaitAck)
    i.IIC_delay                              0x08000bcc   Section        0  oled.o(i.IIC_delay)
    i.MemManage_Handler                      0x08000bdc   Section        0  stm32f4xx_it.o(i.MemManage_Handler)
    i.My_USART1_Init                         0x08000be0   Section        0  usart.o(i.My_USART1_Init)
    i.NMI_Handler                            0x08000c98   Section        0  stm32f4xx_it.o(i.NMI_Handler)
    i.NVIC_Init                              0x08000c9c   Section        0  misc.o(i.NVIC_Init)
    i.NVIC_PriorityGroupConfig               0x08000d14   Section        0  misc.o(i.NVIC_PriorityGroupConfig)
    i.OLED_Clear                             0x08000d28   Section        0  oled.o(i.OLED_Clear)
    i.OLED_DrawCircle                        0x08000d58   Section        0  oled.o(i.OLED_DrawCircle)
    i.OLED_DrawPoint                         0x08000e00   Section        0  oled.o(i.OLED_DrawPoint)
    i.OLED_Init                              0x08000e78   Section        0  oled.o(i.OLED_Init)
    i.OLED_Pow                               0x08000fa8   Section        0  oled.o(i.OLED_Pow)
    i.OLED_Refresh                           0x08000fc0   Section        0  oled.o(i.OLED_Refresh)
    i.OLED_ShowChar                          0x08001028   Section        0  oled.o(i.OLED_ShowChar)
    i.OLED_ShowChinese                       0x08001164   Section        0  oled.o(i.OLED_ShowChinese)
    i.OLED_ShowNum                           0x08001268   Section        0  oled.o(i.OLED_ShowNum)
    i.OLED_ShowString                        0x080012f4   Section        0  oled.o(i.OLED_ShowString)
    i.OLED_WR_Byte                           0x0800133e   Section        0  oled.o(i.OLED_WR_Byte)
    i.PendSV_Handler                         0x08001376   Section        0  stm32f4xx_it.o(i.PendSV_Handler)
    i.RCC_AHB1PeriphClockCmd                 0x08001378   Section        0  stm32f4xx_rcc.o(i.RCC_AHB1PeriphClockCmd)
    i.RCC_APB1PeriphClockCmd                 0x08001398   Section        0  stm32f4xx_rcc.o(i.RCC_APB1PeriphClockCmd)
    i.RCC_APB2PeriphClockCmd                 0x080013b8   Section        0  stm32f4xx_rcc.o(i.RCC_APB2PeriphClockCmd)
    i.RCC_GetClocksFreq                      0x080013d8   Section        0  stm32f4xx_rcc.o(i.RCC_GetClocksFreq)
    i.SVC_Handler                            0x080014c0   Section        0  stm32f4xx_it.o(i.SVC_Handler)
    i.SYSCFG_EXTILineConfig                  0x080014c4   Section        0  stm32f4xx_syscfg.o(i.SYSCFG_EXTILineConfig)
    i.Send_Byte                              0x08001504   Section        0  oled.o(i.Send_Byte)
    i.SetSysClock                            0x08001550   Section        0  system_stm32f4xx.o(i.SetSysClock)
    SetSysClock                              0x08001551   Thumb Code   220  system_stm32f4xx.o(i.SetSysClock)
    i.SysTick_Handler                        0x0800163c   Section        0  stm32f4xx_it.o(i.SysTick_Handler)
    i.SystemInit                             0x08001640   Section        0  system_stm32f4xx.o(i.SystemInit)
    i.TIM12_PWM_Init                         0x080016a8   Section        0  pwm.o(i.TIM12_PWM_Init)
    i.TIM1_PWM_Init                          0x08001758   Section        0  pwm.o(i.TIM1_PWM_Init)
    i.TIM2_PWM_Init                          0x0800181c   Section        0  pwm.o(i.TIM2_PWM_Init)
    i.TIM5_IRQHandler                        0x080018dc   Section        0  stm32f4xx_it.o(i.TIM5_IRQHandler)
    i.TIM6_DAC_IRQHandler                    0x080019a0   Section        0  stm32f4xx_it.o(i.TIM6_DAC_IRQHandler)
    i.TIME5_Int_Init                         0x08001e60   Section        0  timer.o(i.TIME5_Int_Init)
    i.TIME6_Int_Init                         0x08001eb4   Section        0  timer.o(i.TIME6_Int_Init)
    i.TIM_ARRPreloadConfig                   0x08001f10   Section        0  stm32f4xx_tim.o(i.TIM_ARRPreloadConfig)
    i.TIM_ClearITPendingBit                  0x08001f28   Section        0  stm32f4xx_tim.o(i.TIM_ClearITPendingBit)
    i.TIM_Cmd                                0x08001f2e   Section        0  stm32f4xx_tim.o(i.TIM_Cmd)
    i.TIM_CtrlPWMOutputs                     0x08001f46   Section        0  stm32f4xx_tim.o(i.TIM_CtrlPWMOutputs)
    i.TIM_GetITStatus                        0x08001f64   Section        0  stm32f4xx_tim.o(i.TIM_GetITStatus)
    i.TIM_ITConfig                           0x08001f86   Section        0  stm32f4xx_tim.o(i.TIM_ITConfig)
    i.TIM_OC1Init                            0x08001f98   Section        0  stm32f4xx_tim.o(i.TIM_OC1Init)
    i.TIM_OC1PreloadConfig                   0x08002014   Section        0  stm32f4xx_tim.o(i.TIM_OC1PreloadConfig)
    i.TIM_OC2Init                            0x08002028   Section        0  stm32f4xx_tim.o(i.TIM_OC2Init)
    i.TIM_OC2PreloadConfig                   0x080020cc   Section        0  stm32f4xx_tim.o(i.TIM_OC2PreloadConfig)
    i.TIM_OC3Init                            0x080020e8   Section        0  stm32f4xx_tim.o(i.TIM_OC3Init)
    i.TIM_OC3PreloadConfig                   0x08002188   Section        0  stm32f4xx_tim.o(i.TIM_OC3PreloadConfig)
    i.TIM_SetCompare1                        0x0800219a   Section        0  stm32f4xx_tim.o(i.TIM_SetCompare1)
    i.TIM_SetCompare2                        0x0800219e   Section        0  stm32f4xx_tim.o(i.TIM_SetCompare2)
    i.TIM_SetCompare3                        0x080021a2   Section        0  stm32f4xx_tim.o(i.TIM_SetCompare3)
    i.TIM_TimeBaseInit                       0x080021a8   Section        0  stm32f4xx_tim.o(i.TIM_TimeBaseInit)
    i.USART1_IRQHandler                      0x0800222c   Section        0  usart.o(i.USART1_IRQHandler)
    i.USART2_IRQHandler                      0x080022b4   Section        0  wifi.o(i.USART2_IRQHandler)
    i.USART_ClearFlag                        0x08002448   Section        0  stm32f4xx_usart.o(i.USART_ClearFlag)
    i.USART_ClearITPendingBit                0x0800245a   Section        0  stm32f4xx_usart.o(i.USART_ClearITPendingBit)
    i.USART_Cmd                              0x08002478   Section        0  stm32f4xx_usart.o(i.USART_Cmd)
    i.USART_GetFlagStatus                    0x08002490   Section        0  stm32f4xx_usart.o(i.USART_GetFlagStatus)
    i.USART_GetITStatus                      0x080024aa   Section        0  stm32f4xx_usart.o(i.USART_GetITStatus)
    i.USART_ITConfig                         0x080024fe   Section        0  stm32f4xx_usart.o(i.USART_ITConfig)
    i.USART_Init                             0x08002548   Section        0  stm32f4xx_usart.o(i.USART_Init)
    i.USART_ReceiveData                      0x08002614   Section        0  stm32f4xx_usart.o(i.USART_ReceiveData)
    i.USART_SendData                         0x0800261e   Section        0  stm32f4xx_usart.o(i.USART_SendData)
    i.UsageFault_Handler                     0x08002626   Section        0  stm32f4xx_it.o(i.UsageFault_Handler)
    i.WIFI_connect                           0x0800262c   Section        0  wifi.o(i.WIFI_connect)
    i.WIFI_init                              0x08002780   Section        0  wifi.o(i.WIFI_init)
    i.__0printf$5                            0x08002838   Section        0  printf5.o(i.__0printf$5)
    i.__scatterload_copy                     0x08002858   Section       14  handlers.o(i.__scatterload_copy)
    i.__scatterload_null                     0x08002866   Section        2  handlers.o(i.__scatterload_null)
    i.__scatterload_zeroinit                 0x08002868   Section       14  handlers.o(i.__scatterload_zeroinit)
    i._printf_core                           0x08002878   Section        0  printf5.o(i._printf_core)
    _printf_core                             0x08002879   Thumb Code   658  printf5.o(i._printf_core)
    i.drv_bee_init                           0x08002b38   Section        0  drv_bee.o(i.drv_bee_init)
    i.drv_led_init                           0x08002b70   Section        0  drv_led.o(i.drv_led_init)
    i.drv_systick_delay_ms                   0x08002bb0   Section        0  drv_systick.o(i.drv_systick_delay_ms)
    i.drv_systick_delay_us                   0x08002c40   Section        0  drv_systick.o(i.drv_systick_delay_us)
    i.drv_systick_init                       0x08002c84   Section        0  drv_systick.o(i.drv_systick_init)
    i.fputc                                  0x08002cc4   Section        0  wifi.o(i.fputc)
    i.main                                   0x08002cf0   Section        0  main.o(i.main)
    i.showpage1                              0x08002d4c   Section        0  oled.o(i.showpage1)
    i.showpage2                              0x08002dc0   Section        0  oled.o(i.showpage2)
    i.showpage3                              0x08002fcc   Section        0  oled.o(i.showpage3)
    i.usart_sendstr                          0x080030c8   Section        0  wifi.o(i.usart_sendstr)
    .constdata                               0x0800310c   Section     8016  oled.o(.constdata)
    .constdata                               0x0800505c   Section       16  dht11.o(.constdata)
    __FUNCTION__                             0x0800505c   Data          16  dht11.o(.constdata)
    .data                                    0x20000000   Section     2098  main.o(.data)
    .data                                    0x20000832   Section       11  stm32f4xx_it.o(.data)
    .data                                    0x2000083e   Section        4  drv_systick.o(.data)
    fs_us                                    0x2000083e   Data           1  drv_systick.o(.data)
    fs_ms                                    0x20000840   Data           2  drv_systick.o(.data)
    .data                                    0x20000842   Section        4  usart.o(.data)
    .data                                    0x20000846   Section        5  wifi.o(.data)
    .data                                    0x2000084b   Section       16  stm32f4xx_rcc.o(.data)
    APBAHBPrescTable                         0x2000084b   Data          16  stm32f4xx_rcc.o(.data)
    .data                                    0x2000085c   Section        4  stdout.o(.data)
    .bss                                     0x20000860   Section      200  usart.o(.bss)
    .bss                                     0x20000928   Section      400  ad.o(.bss)
    .bss                                     0x20000ab8   Section     1152  oled.o(.bss)
    .bss                                     0x20000f38   Section      400  wifi.o(.bss)
    STACK                                    0x200010c8   Section     1024  startup_stm32f40_41xxx.o(STACK)

    Global Symbols

    Symbol Name                              Value     Ov Type        Size  Object(Section)

    BuildAttributes$$THM_ISAv4$E$P$D$K$B$S$7EM$VFPi3$EXTD16$VFPS$VFMA$PE$A:L22UL41UL21$X:L11$S22US41US21$IEEE1$IW$USESV6$~STKCKD$USESV7$~SHL$OSPACE$ROPI$EBA8$MICROLIB$REQ8$PRES8$EABIv2 0x00000000   Number         0  anon$$obj.o ABSOLUTE
    __ARM_use_no_argv                        0x00000000   Number         0  main.o ABSOLUTE
    _printf_a                                0x00000000   Number         0  stubs.o ABSOLUTE
    _printf_c                                0x00000000   Number         0  stubs.o ABSOLUTE
    _printf_charcount                        0x00000000   Number         0  stubs.o ABSOLUTE
    _printf_d                                0x00000000   Number         0  stubs.o ABSOLUTE
    _printf_e                                0x00000000   Number         0  stubs.o ABSOLUTE
    _printf_f                                0x00000000   Number         0  stubs.o ABSOLUTE
    _printf_flags                            0x00000000   Number         0  stubs.o ABSOLUTE
    _printf_fp_dec                           0x00000000   Number         0  stubs.o ABSOLUTE
    _printf_fp_hex                           0x00000000   Number         0  stubs.o ABSOLUTE
    _printf_g                                0x00000000   Number         0  stubs.o ABSOLUTE
    _printf_i                                0x00000000   Number         0  stubs.o ABSOLUTE
    _printf_int_dec                          0x00000000   Number         0  stubs.o ABSOLUTE
    _printf_l                                0x00000000   Number         0  stubs.o ABSOLUTE
    _printf_lc                               0x00000000   Number         0  stubs.o ABSOLUTE
    _printf_ll                               0x00000000   Number         0  stubs.o ABSOLUTE
    _printf_lld                              0x00000000   Number         0  stubs.o ABSOLUTE
    _printf_lli                              0x00000000   Number         0  stubs.o ABSOLUTE
    _printf_llo                              0x00000000   Number         0  stubs.o ABSOLUTE
    _printf_llu                              0x00000000   Number         0  stubs.o ABSOLUTE
    _printf_llx                              0x00000000   Number         0  stubs.o ABSOLUTE
    _printf_longlong_dec                     0x00000000   Number         0  stubs.o ABSOLUTE
    _printf_longlong_hex                     0x00000000   Number         0  stubs.o ABSOLUTE
    _printf_longlong_oct                     0x00000000   Number         0  stubs.o ABSOLUTE
    _printf_ls                               0x00000000   Number         0  stubs.o ABSOLUTE
    _printf_mbtowc                           0x00000000   Number         0  stubs.o ABSOLUTE
    _printf_n                                0x00000000   Number         0  stubs.o ABSOLUTE
    _printf_o                                0x00000000   Number         0  stubs.o ABSOLUTE
    _printf_p                                0x00000000   Number         0  stubs.o ABSOLUTE
    _printf_percent                          0x00000000   Number         0  stubs.o ABSOLUTE
    _printf_pre_padding                      0x00000000   Number         0  stubs.o ABSOLUTE
    _printf_return_value                     0x00000000   Number         0  stubs.o ABSOLUTE
    _printf_s                                0x00000000   Number         0  stubs.o ABSOLUTE
    _printf_sizespec                         0x00000000   Number         0  stubs.o ABSOLUTE
    _printf_str                              0x00000000   Number         0  stubs.o ABSOLUTE
    _printf_truncate_signed                  0x00000000   Number         0  stubs.o ABSOLUTE
    _printf_truncate_unsigned                0x00000000   Number         0  stubs.o ABSOLUTE
    _printf_u                                0x00000000   Number         0  stubs.o ABSOLUTE
    _printf_wc                               0x00000000   Number         0  stubs.o ABSOLUTE
    _printf_wctomb                           0x00000000   Number         0  stubs.o ABSOLUTE
    _printf_widthprec                        0x00000000   Number         0  stubs.o ABSOLUTE
    _printf_x                                0x00000000   Number         0  stubs.o ABSOLUTE
    __cpp_initialize__aeabi_                  - Undefined Weak Reference
    __cxa_finalize                            - Undefined Weak Reference
    _clock_init                               - Undefined Weak Reference
    _microlib_exit                            - Undefined Weak Reference
    __Vectors_Size                           0x00000188   Number         0  startup_stm32f40_41xxx.o ABSOLUTE
    __Vectors                                0x08000000   Data           4  startup_stm32f40_41xxx.o(RESET)
    __Vectors_End                            0x08000188   Data           0  startup_stm32f40_41xxx.o(RESET)
    __main                                   0x08000189   Thumb Code     0  entry.o(.ARM.Collect$$$$00000000)
    _main_stk                                0x08000189   Thumb Code     0  entry2.o(.ARM.Collect$$$$00000001)
    _main_scatterload                        0x0800018d   Thumb Code     0  entry5.o(.ARM.Collect$$$$00000004)
    __main_after_scatterload                 0x08000191   Thumb Code     0  entry5.o(.ARM.Collect$$$$00000004)
    _main_clock                              0x08000191   Thumb Code     0  entry7b.o(.ARM.Collect$$$$00000008)
    _main_cpp_init                           0x08000191   Thumb Code     0  entry8b.o(.ARM.Collect$$$$0000000A)
    _main_init                               0x08000191   Thumb Code     0  entry9a.o(.ARM.Collect$$$$0000000B)
    __rt_final_cpp                           0x08000199   Thumb Code     0  entry10a.o(.ARM.Collect$$$$0000000D)
    __rt_final_exit                          0x08000199   Thumb Code     0  entry11a.o(.ARM.Collect$$$$0000000F)
    Reset_Handler                            0x0800019d   Thumb Code     8  startup_stm32f40_41xxx.o(.text)
    ADC_IRQHandler                           0x080001b7   Thumb Code     0  startup_stm32f40_41xxx.o(.text)
    CAN1_RX0_IRQHandler                      0x080001b7   Thumb Code     0  startup_stm32f40_41xxx.o(.text)
    CAN1_RX1_IRQHandler                      0x080001b7   Thumb Code     0  startup_stm32f40_41xxx.o(.text)
    CAN1_SCE_IRQHandler                      0x080001b7   Thumb Code     0  startup_stm32f40_41xxx.o(.text)
    CAN1_TX_IRQHandler                       0x080001b7   Thumb Code     0  startup_stm32f40_41xxx.o(.text)
    CAN2_RX0_IRQHandler                      0x080001b7   Thumb Code     0  startup_stm32f40_41xxx.o(.text)
    CAN2_RX1_IRQHandler                      0x080001b7   Thumb Code     0  startup_stm32f40_41xxx.o(.text)
    CAN2_SCE_IRQHandler                      0x080001b7   Thumb Code     0  startup_stm32f40_41xxx.o(.text)
    CAN2_TX_IRQHandler                       0x080001b7   Thumb Code     0  startup_stm32f40_41xxx.o(.text)
    CRYP_IRQHandler                          0x080001b7   Thumb Code     0  startup_stm32f40_41xxx.o(.text)
    DCMI_IRQHandler                          0x080001b7   Thumb Code     0  startup_stm32f40_41xxx.o(.text)
    DMA1_Stream0_IRQHandler                  0x080001b7   Thumb Code     0  startup_stm32f40_41xxx.o(.text)
    DMA1_Stream1_IRQHandler                  0x080001b7   Thumb Code     0  startup_stm32f40_41xxx.o(.text)
    DMA1_Stream2_IRQHandler                  0x080001b7   Thumb Code     0  startup_stm32f40_41xxx.o(.text)
    DMA1_Stream3_IRQHandler                  0x080001b7   Thumb Code     0  startup_stm32f40_41xxx.o(.text)
    DMA1_Stream4_IRQHandler                  0x080001b7   Thumb Code     0  startup_stm32f40_41xxx.o(.text)
    DMA1_Stream5_IRQHandler                  0x080001b7   Thumb Code     0  startup_stm32f40_41xxx.o(.text)
    DMA1_Stream6_IRQHandler                  0x080001b7   Thumb Code     0  startup_stm32f40_41xxx.o(.text)
    DMA1_Stream7_IRQHandler                  0x080001b7   Thumb Code     0  startup_stm32f40_41xxx.o(.text)
    DMA2_Stream0_IRQHandler                  0x080001b7   Thumb Code     0  startup_stm32f40_41xxx.o(.text)
    DMA2_Stream1_IRQHandler                  0x080001b7   Thumb Code     0  startup_stm32f40_41xxx.o(.text)
    DMA2_Stream2_IRQHandler                  0x080001b7   Thumb Code     0  startup_stm32f40_41xxx.o(.text)
    DMA2_Stream3_IRQHandler                  0x080001b7   Thumb Code     0  startup_stm32f40_41xxx.o(.text)
    DMA2_Stream4_IRQHandler                  0x080001b7   Thumb Code     0  startup_stm32f40_41xxx.o(.text)
    DMA2_Stream5_IRQHandler                  0x080001b7   Thumb Code     0  startup_stm32f40_41xxx.o(.text)
    DMA2_Stream6_IRQHandler                  0x080001b7   Thumb Code     0  startup_stm32f40_41xxx.o(.text)
    DMA2_Stream7_IRQHandler                  0x080001b7   Thumb Code     0  startup_stm32f40_41xxx.o(.text)
    ETH_IRQHandler                           0x080001b7   Thumb Code     0  startup_stm32f40_41xxx.o(.text)
    ETH_WKUP_IRQHandler                      0x080001b7   Thumb Code     0  startup_stm32f40_41xxx.o(.text)
    EXTI0_IRQHandler                         0x080001b7   Thumb Code     0  startup_stm32f40_41xxx.o(.text)
    EXTI1_IRQHandler                         0x080001b7   Thumb Code     0  startup_stm32f40_41xxx.o(.text)
    EXTI2_IRQHandler                         0x080001b7   Thumb Code     0  startup_stm32f40_41xxx.o(.text)
    EXTI3_IRQHandler                         0x080001b7   Thumb Code     0  startup_stm32f40_41xxx.o(.text)
    FLASH_IRQHandler                         0x080001b7   Thumb Code     0  startup_stm32f40_41xxx.o(.text)
    FPU_IRQHandler                           0x080001b7   Thumb Code     0  startup_stm32f40_41xxx.o(.text)
    FSMC_IRQHandler                          0x080001b7   Thumb Code     0  startup_stm32f40_41xxx.o(.text)
    HASH_RNG_IRQHandler                      0x080001b7   Thumb Code     0  startup_stm32f40_41xxx.o(.text)
    I2C1_ER_IRQHandler                       0x080001b7   Thumb Code     0  startup_stm32f40_41xxx.o(.text)
    I2C1_EV_IRQHandler                       0x080001b7   Thumb Code     0  startup_stm32f40_41xxx.o(.text)
    I2C2_ER_IRQHandler                       0x080001b7   Thumb Code     0  startup_stm32f40_41xxx.o(.text)
    I2C2_EV_IRQHandler                       0x080001b7   Thumb Code     0  startup_stm32f40_41xxx.o(.text)
    I2C3_ER_IRQHandler                       0x080001b7   Thumb Code     0  startup_stm32f40_41xxx.o(.text)
    I2C3_EV_IRQHandler                       0x080001b7   Thumb Code     0  startup_stm32f40_41xxx.o(.text)
    OTG_FS_IRQHandler                        0x080001b7   Thumb Code     0  startup_stm32f40_41xxx.o(.text)
    OTG_FS_WKUP_IRQHandler                   0x080001b7   Thumb Code     0  startup_stm32f40_41xxx.o(.text)
    OTG_HS_EP1_IN_IRQHandler                 0x080001b7   Thumb Code     0  startup_stm32f40_41xxx.o(.text)
    OTG_HS_EP1_OUT_IRQHandler                0x080001b7   Thumb Code     0  startup_stm32f40_41xxx.o(.text)
    OTG_HS_IRQHandler                        0x080001b7   Thumb Code     0  startup_stm32f40_41xxx.o(.text)
    OTG_HS_WKUP_IRQHandler                   0x080001b7   Thumb Code     0  startup_stm32f40_41xxx.o(.text)
    PVD_IRQHandler                           0x080001b7   Thumb Code     0  startup_stm32f40_41xxx.o(.text)
    RCC_IRQHandler                           0x080001b7   Thumb Code     0  startup_stm32f40_41xxx.o(.text)
    RTC_Alarm_IRQHandler                     0x080001b7   Thumb Code     0  startup_stm32f40_41xxx.o(.text)
    RTC_WKUP_IRQHandler                      0x080001b7   Thumb Code     0  startup_stm32f40_41xxx.o(.text)
    SDIO_IRQHandler                          0x080001b7   Thumb Code     0  startup_stm32f40_41xxx.o(.text)
    SPI1_IRQHandler                          0x080001b7   Thumb Code     0  startup_stm32f40_41xxx.o(.text)
    SPI2_IRQHandler                          0x080001b7   Thumb Code     0  startup_stm32f40_41xxx.o(.text)
    SPI3_IRQHandler                          0x080001b7   Thumb Code     0  startup_stm32f40_41xxx.o(.text)
    TAMP_STAMP_IRQHandler                    0x080001b7   Thumb Code     0  startup_stm32f40_41xxx.o(.text)
    TIM1_BRK_TIM9_IRQHandler                 0x080001b7   Thumb Code     0  startup_stm32f40_41xxx.o(.text)
    TIM1_CC_IRQHandler                       0x080001b7   Thumb Code     0  startup_stm32f40_41xxx.o(.text)
    TIM1_TRG_COM_TIM11_IRQHandler            0x080001b7   Thumb Code     0  startup_stm32f40_41xxx.o(.text)
    TIM1_UP_TIM10_IRQHandler                 0x080001b7   Thumb Code     0  startup_stm32f40_41xxx.o(.text)
    TIM2_IRQHandler                          0x080001b7   Thumb Code     0  startup_stm32f40_41xxx.o(.text)
    TIM3_IRQHandler                          0x080001b7   Thumb Code     0  startup_stm32f40_41xxx.o(.text)
    TIM4_IRQHandler                          0x080001b7   Thumb Code     0  startup_stm32f40_41xxx.o(.text)
    TIM7_IRQHandler                          0x080001b7   Thumb Code     0  startup_stm32f40_41xxx.o(.text)
    TIM8_BRK_TIM12_IRQHandler                0x080001b7   Thumb Code     0  startup_stm32f40_41xxx.o(.text)
    TIM8_CC_IRQHandler                       0x080001b7   Thumb Code     0  startup_stm32f40_41xxx.o(.text)
    TIM8_TRG_COM_TIM14_IRQHandler            0x080001b7   Thumb Code     0  startup_stm32f40_41xxx.o(.text)
    TIM8_UP_TIM13_IRQHandler                 0x080001b7   Thumb Code     0  startup_stm32f40_41xxx.o(.text)
    UART4_IRQHandler                         0x080001b7   Thumb Code     0  startup_stm32f40_41xxx.o(.text)
    UART5_IRQHandler                         0x080001b7   Thumb Code     0  startup_stm32f40_41xxx.o(.text)
    USART3_IRQHandler                        0x080001b7   Thumb Code     0  startup_stm32f40_41xxx.o(.text)
    USART6_IRQHandler                        0x080001b7   Thumb Code     0  startup_stm32f40_41xxx.o(.text)
    WWDG_IRQHandler                          0x080001b7   Thumb Code     0  startup_stm32f40_41xxx.o(.text)
    __aeabi_memset                           0x080001c1   Thumb Code    14  memseta.o(.text)
    __aeabi_memset4                          0x080001c1   Thumb Code     0  memseta.o(.text)
    __aeabi_memset8                          0x080001c1   Thumb Code     0  memseta.o(.text)
    __aeabi_memclr                           0x080001cf   Thumb Code     4  memseta.o(.text)
    __aeabi_memclr4                          0x080001cf   Thumb Code     0  memseta.o(.text)
    __aeabi_memclr8                          0x080001cf   Thumb Code     0  memseta.o(.text)
    _memset$wrapper                          0x080001d3   Thumb Code    18  memseta.o(.text)
    strcmp                                   0x080001e5   Thumb Code    28  strcmp.o(.text)
    __aeabi_uldivmod                         0x08000201   Thumb Code    98  uldiv.o(.text)
    __scatterload                            0x08000265   Thumb Code    28  init.o(.text)
    __scatterload_rt2                        0x08000265   Thumb Code     0  init.o(.text)
    __aeabi_llsl                             0x08000289   Thumb Code    30  llshl.o(.text)
    _ll_shift_l                              0x08000289   Thumb Code     0  llshl.o(.text)
    __aeabi_llsr                             0x080002a7   Thumb Code    32  llushr.o(.text)
    _ll_ushift_r                             0x080002a7   Thumb Code     0  llushr.o(.text)
    __decompress                             0x080002c7   Thumb Code     0  __dclz77c.o(.text)
    __decompress2                            0x080002c7   Thumb Code    94  __dclz77c.o(.text)
    ADC_Cmd                                  0x08000325   Thumb Code    22  stm32f4xx_adc.o(i.ADC_Cmd)
    ADC_CommonInit                           0x0800033d   Thumb Code    34  stm32f4xx_adc.o(i.ADC_CommonInit)
    ADC_DMACmd                               0x0800036d   Thumb Code    22  stm32f4xx_adc.o(i.ADC_DMACmd)
    ADC_DMARequestAfterLastTransferCmd       0x08000383   Thumb Code    22  stm32f4xx_adc.o(i.ADC_DMARequestAfterLastTransferCmd)
    ADC_Init                                 0x08000399   Thumb Code    74  stm32f4xx_adc.o(i.ADC_Init)
    ADC_RegularChannelConfig                 0x080003ed   Thumb Code   184  stm32f4xx_adc.o(i.ADC_RegularChannelConfig)
    ADC_SoftwareStartConv                    0x080004a5   Thumb Code    10  stm32f4xx_adc.o(i.ADC_SoftwareStartConv)
    AD_init                                  0x080004b1   Thumb Code   218  ad.o(i.AD_init)
    BusFault_Handler                         0x080005a1   Thumb Code     4  stm32f4xx_it.o(i.BusFault_Handler)
    DHT11_init                               0x080005a5   Thumb Code    24  dht11.o(i.DHT11_init)
    DHT11_input                              0x080005c1   Thumb Code    22  dht11.o(i.DHT11_input)
    DHT11_output                             0x080005dd   Thumb Code    44  dht11.o(i.DHT11_output)
    DHT11_read_bitdata                       0x0800060d   Thumb Code    80  dht11.o(i.DHT11_read_bitdata)
    DHT11_read_data                          0x08000661   Thumb Code   214  dht11.o(i.DHT11_read_data)
    DMA_Cmd                                  0x08000749   Thumb Code    22  stm32f4xx_dma.o(i.DMA_Cmd)
    DMA_Init                                 0x08000761   Thumb Code    82  stm32f4xx_dma.o(i.DMA_Init)
    DebugMon_Handler                         0x080007b9   Thumb Code     2  stm32f4xx_it.o(i.DebugMon_Handler)
    EXITX_Init                               0x080007bd   Thumb Code   198  exit.o(i.EXITX_Init)
    EXTI15_10_IRQHandler                     0x0800088d   Thumb Code    52  stm32f4xx_it.o(i.EXTI15_10_IRQHandler)
    EXTI4_IRQHandler                         0x080008cd   Thumb Code    46  stm32f4xx_it.o(i.EXTI4_IRQHandler)
    EXTI9_5_IRQHandler                       0x08000909   Thumb Code    88  stm32f4xx_it.o(i.EXTI9_5_IRQHandler)
    EXTI_ClearITPendingBit                   0x08000971   Thumb Code     6  stm32f4xx_exti.o(i.EXTI_ClearITPendingBit)
    EXTI_GetITStatus                         0x0800097d   Thumb Code    20  stm32f4xx_exti.o(i.EXTI_GetITStatus)
    EXTI_Init                                0x08000995   Thumb Code   142  stm32f4xx_exti.o(i.EXTI_Init)
    GPIO_Init                                0x08000a29   Thumb Code   144  stm32f4xx_gpio.o(i.GPIO_Init)
    GPIO_PinAFConfig                         0x08000ab9   Thumb Code    70  stm32f4xx_gpio.o(i.GPIO_PinAFConfig)
    GPIO_ReadInputDataBit                    0x08000aff   Thumb Code    18  stm32f4xx_gpio.o(i.GPIO_ReadInputDataBit)
    GPIO_ResetBits                           0x08000b11   Thumb Code     4  stm32f4xx_gpio.o(i.GPIO_ResetBits)
    GPIO_SetBits                             0x08000b15   Thumb Code     4  stm32f4xx_gpio.o(i.GPIO_SetBits)
    GPIO_ToggleBits                          0x08000b19   Thumb Code     8  stm32f4xx_gpio.o(i.GPIO_ToggleBits)
    Get_Adc_Average                          0x08000b21   Thumb Code    32  ad.o(i.Get_Adc_Average)
    HardFault_Handler                        0x08000b45   Thumb Code     4  stm32f4xx_it.o(i.HardFault_Handler)
    I2C_Start                                0x08000b49   Thumb Code    48  oled.o(i.I2C_Start)
    I2C_Stop                                 0x08000b7d   Thumb Code    32  oled.o(i.I2C_Stop)
    I2C_WaitAck                              0x08000ba1   Thumb Code    40  oled.o(i.I2C_WaitAck)
    IIC_delay                                0x08000bcd   Thumb Code    16  oled.o(i.IIC_delay)
    MemManage_Handler                        0x08000bdd   Thumb Code     4  stm32f4xx_it.o(i.MemManage_Handler)
    My_USART1_Init                           0x08000be1   Thumb Code   176  usart.o(i.My_USART1_Init)
    NMI_Handler                              0x08000c99   Thumb Code     2  stm32f4xx_it.o(i.NMI_Handler)
    NVIC_Init                                0x08000c9d   Thumb Code   106  misc.o(i.NVIC_Init)
    NVIC_PriorityGroupConfig                 0x08000d15   Thumb Code    10  misc.o(i.NVIC_PriorityGroupConfig)
    OLED_Clear                               0x08000d29   Thumb Code    42  oled.o(i.OLED_Clear)
    OLED_DrawCircle                          0x08000d59   Thumb Code   168  oled.o(i.OLED_DrawCircle)
    OLED_DrawPoint                           0x08000e01   Thumb Code   114  oled.o(i.OLED_DrawPoint)
    OLED_Init                                0x08000e79   Thumb Code   296  oled.o(i.OLED_Init)
    OLED_Pow                                 0x08000fa9   Thumb Code    22  oled.o(i.OLED_Pow)
    OLED_Refresh                             0x08000fc1   Thumb Code   100  oled.o(i.OLED_Refresh)
    OLED_ShowChar                            0x08001029   Thumb Code   300  oled.o(i.OLED_ShowChar)
    OLED_ShowChinese                         0x08001165   Thumb Code   244  oled.o(i.OLED_ShowChinese)
    OLED_ShowNum                             0x08001269   Thumb Code   140  oled.o(i.OLED_ShowNum)
    OLED_ShowString                          0x080012f5   Thumb Code    74  oled.o(i.OLED_ShowString)
    OLED_WR_Byte                             0x0800133f   Thumb Code    56  oled.o(i.OLED_WR_Byte)
    PendSV_Handler                           0x08001377   Thumb Code     2  stm32f4xx_it.o(i.PendSV_Handler)
    RCC_AHB1PeriphClockCmd                   0x08001379   Thumb Code    26  stm32f4xx_rcc.o(i.RCC_AHB1PeriphClockCmd)
    RCC_APB1PeriphClockCmd                   0x08001399   Thumb Code    26  stm32f4xx_rcc.o(i.RCC_APB1PeriphClockCmd)
    RCC_APB2PeriphClockCmd                   0x080013b9   Thumb Code    26  stm32f4xx_rcc.o(i.RCC_APB2PeriphClockCmd)
    RCC_GetClocksFreq                        0x080013d9   Thumb Code   214  stm32f4xx_rcc.o(i.RCC_GetClocksFreq)
    SVC_Handler                              0x080014c1   Thumb Code     2  stm32f4xx_it.o(i.SVC_Handler)
    SYSCFG_EXTILineConfig                    0x080014c5   Thumb Code    60  stm32f4xx_syscfg.o(i.SYSCFG_EXTILineConfig)
    Send_Byte                                0x08001505   Thumb Code    70  oled.o(i.Send_Byte)
    SysTick_Handler                          0x0800163d   Thumb Code     2  stm32f4xx_it.o(i.SysTick_Handler)
    SystemInit                               0x08001641   Thumb Code    88  system_stm32f4xx.o(i.SystemInit)
    TIM12_PWM_Init                           0x080016a9   Thumb Code   168  pwm.o(i.TIM12_PWM_Init)
    TIM1_PWM_Init                            0x08001759   Thumb Code   186  pwm.o(i.TIM1_PWM_Init)
    TIM2_PWM_Init                            0x0800181d   Thumb Code   188  pwm.o(i.TIM2_PWM_Init)
    TIM5_IRQHandler                          0x080018dd   Thumb Code   142  stm32f4xx_it.o(i.TIM5_IRQHandler)
    TIM6_DAC_IRQHandler                      0x080019a1   Thumb Code  1190  stm32f4xx_it.o(i.TIM6_DAC_IRQHandler)
    TIME5_Int_Init                           0x08001e61   Thumb Code    78  timer.o(i.TIME5_Int_Init)
    TIME6_Int_Init                           0x08001eb5   Thumb Code    88  timer.o(i.TIME6_Int_Init)
    TIM_ARRPreloadConfig                     0x08001f11   Thumb Code    24  stm32f4xx_tim.o(i.TIM_ARRPreloadConfig)
    TIM_ClearITPendingBit                    0x08001f29   Thumb Code     6  stm32f4xx_tim.o(i.TIM_ClearITPendingBit)
    TIM_Cmd                                  0x08001f2f   Thumb Code    24  stm32f4xx_tim.o(i.TIM_Cmd)
    TIM_CtrlPWMOutputs                       0x08001f47   Thumb Code    30  stm32f4xx_tim.o(i.TIM_CtrlPWMOutputs)
    TIM_GetITStatus                          0x08001f65   Thumb Code    34  stm32f4xx_tim.o(i.TIM_GetITStatus)
    TIM_ITConfig                             0x08001f87   Thumb Code    18  stm32f4xx_tim.o(i.TIM_ITConfig)
    TIM_OC1Init                              0x08001f99   Thumb Code   114  stm32f4xx_tim.o(i.TIM_OC1Init)
    TIM_OC1PreloadConfig                     0x08002015   Thumb Code    18  stm32f4xx_tim.o(i.TIM_OC1PreloadConfig)
    TIM_OC2Init                              0x08002029   Thumb Code   154  stm32f4xx_tim.o(i.TIM_OC2Init)
    TIM_OC2PreloadConfig                     0x080020cd   Thumb Code    26  stm32f4xx_tim.o(i.TIM_OC2PreloadConfig)
    TIM_OC3Init                              0x080020e9   Thumb Code   150  stm32f4xx_tim.o(i.TIM_OC3Init)
    TIM_OC3PreloadConfig                     0x08002189   Thumb Code    18  stm32f4xx_tim.o(i.TIM_OC3PreloadConfig)
    TIM_SetCompare1                          0x0800219b   Thumb Code     4  stm32f4xx_tim.o(i.TIM_SetCompare1)
    TIM_SetCompare2                          0x0800219f   Thumb Code     4  stm32f4xx_tim.o(i.TIM_SetCompare2)
    TIM_SetCompare3                          0x080021a3   Thumb Code     4  stm32f4xx_tim.o(i.TIM_SetCompare3)
    TIM_TimeBaseInit                         0x080021a9   Thumb Code   104  stm32f4xx_tim.o(i.TIM_TimeBaseInit)
    USART1_IRQHandler                        0x0800222d   Thumb Code   122  usart.o(i.USART1_IRQHandler)
    USART2_IRQHandler                        0x080022b5   Thumb Code   366  wifi.o(i.USART2_IRQHandler)
    USART_ClearFlag                          0x08002449   Thumb Code    18  stm32f4xx_usart.o(i.USART_ClearFlag)
    USART_ClearITPendingBit                  0x0800245b   Thumb Code    30  stm32f4xx_usart.o(i.USART_ClearITPendingBit)
    USART_Cmd                                0x08002479   Thumb Code    24  stm32f4xx_usart.o(i.USART_Cmd)
    USART_GetFlagStatus                      0x08002491   Thumb Code    26  stm32f4xx_usart.o(i.USART_GetFlagStatus)
    USART_GetITStatus                        0x080024ab   Thumb Code    84  stm32f4xx_usart.o(i.USART_GetITStatus)
    USART_ITConfig                           0x080024ff   Thumb Code    74  stm32f4xx_usart.o(i.USART_ITConfig)
    USART_Init                               0x08002549   Thumb Code   196  stm32f4xx_usart.o(i.USART_Init)
    USART_ReceiveData                        0x08002615   Thumb Code    10  stm32f4xx_usart.o(i.USART_ReceiveData)
    USART_SendData                           0x0800261f   Thumb Code     8  stm32f4xx_usart.o(i.USART_SendData)
    UsageFault_Handler                       0x08002627   Thumb Code     4  stm32f4xx_it.o(i.UsageFault_Handler)
    WIFI_connect                             0x0800262d   Thumb Code   172  wifi.o(i.WIFI_connect)
    WIFI_init                                0x08002781   Thumb Code   176  wifi.o(i.WIFI_init)
    __0printf$5                              0x08002839   Thumb Code    22  printf5.o(i.__0printf$5)
    __1printf$5                              0x08002839   Thumb Code     0  printf5.o(i.__0printf$5)
    __2printf                                0x08002839   Thumb Code     0  printf5.o(i.__0printf$5)
    __scatterload_copy                       0x08002859   Thumb Code    14  handlers.o(i.__scatterload_copy)
    __scatterload_null                       0x08002867   Thumb Code     2  handlers.o(i.__scatterload_null)
    __scatterload_zeroinit                   0x08002869   Thumb Code    14  handlers.o(i.__scatterload_zeroinit)
    drv_bee_init                             0x08002b39   Thumb Code    50  drv_bee.o(i.drv_bee_init)
    drv_led_init                             0x08002b71   Thumb Code    60  drv_led.o(i.drv_led_init)
    drv_systick_delay_ms                     0x08002bb1   Thumb Code   140  drv_systick.o(i.drv_systick_delay_ms)
    drv_systick_delay_us                     0x08002c41   Thumb Code    62  drv_systick.o(i.drv_systick_delay_us)
    drv_systick_init                         0x08002c85   Thumb Code    56  drv_systick.o(i.drv_systick_init)
    fputc                                    0x08002cc5   Thumb Code    40  wifi.o(i.fputc)
    main                                     0x08002cf1   Thumb Code    90  main.o(i.main)
    showpage1                                0x08002d4d   Thumb Code   112  oled.o(i.showpage1)
    showpage2                                0x08002dc1   Thumb Code   478  oled.o(i.showpage2)
    showpage3                                0x08002fcd   Thumb Code   244  oled.o(i.showpage3)
    usart_sendstr                            0x080030c9   Thumb Code    68  wifi.o(i.usart_sendstr)
    asc2_0806                                0x0800310c   Data         552  oled.o(.constdata)
    asc2_1206                                0x08003334   Data        1140  oled.o(.constdata)
    asc2_1608                                0x080037a8   Data        1520  oled.o(.constdata)
    asc2_2412                                0x08003d98   Data        3420  oled.o(.constdata)
    Hzk1                                     0x08004af4   Data         672  oled.o(.constdata)
    Hzk2                                     0x08004d94   Data          72  oled.o(.constdata)
    Hzk3                                     0x08004ddc   Data         128  oled.o(.constdata)
    Hzk4                                     0x08004e5c   Data         512  oled.o(.constdata)
    Region$$Table$$Base                      0x0800506c   Number         0  anon$$obj.o(Region$$Table)
    Region$$Table$$Limit                     0x0800508c   Number         0  anon$$obj.o(Region$$Table)
    BMP1                                     0x20000000   Data        1024  main.o(.data)
    BMP2                                     0x20000400   Data        1024  main.o(.data)
    buf                                      0x20000800   Data          40  main.o(.data)
    ledOpwM                                  0x20000828   Data           4  main.o(.data)
    t                                        0x2000082c   Data           4  main.o(.data)
    dir                                      0x20000830   Data           1  main.o(.data)
    currentpage                              0x20000831   Data           1  main.o(.data)
    times1                                   0x20000832   Data           1  stm32f4xx_it.o(.data)
    times2                                   0x20000833   Data           1  stm32f4xx_it.o(.data)
    times3                                   0x20000834   Data           1  stm32f4xx_it.o(.data)
    times4                                   0x20000835   Data           1  stm32f4xx_it.o(.data)
    LED1                                     0x20000836   Data           1  stm32f4xx_it.o(.data)
    LED2                                     0x20000837   Data           1  stm32f4xx_it.o(.data)
    LEDSTATE                                 0x20000838   Data           1  stm32f4xx_it.o(.data)
    BEEP                                     0x20000839   Data           1  stm32f4xx_it.o(.data)
    currentflag                              0x2000083a   Data           1  stm32f4xx_it.o(.data)
    temp_val                                 0x2000083b   Data           1  stm32f4xx_it.o(.data)
    humi_val                                 0x2000083c   Data           1  stm32f4xx_it.o(.data)
    state                                    0x20000842   Data           1  usart.o(.data)
    n                                        0x20000843   Data           1  usart.o(.data)
    USART_RX_STA                             0x20000844   Data           2  usart.o(.data)
    USART2_RX_STA                            0x20000846   Data           2  wifi.o(.data)
    can                                      0x20000848   Data           1  wifi.o(.data)
    get                                      0x20000849   Data           1  wifi.o(.data)
    i                                        0x2000084a   Data           1  wifi.o(.data)
    __stdout                                 0x2000085c   Data           4  stdout.o(.data)
    USART_RX_BUF                             0x20000860   Data         200  usart.o(.bss)
    adc_buf                                  0x20000928   Data         200  ad.o(.bss)
    adc2_buf                                 0x200009f0   Data         200  ad.o(.bss)
    OLED_GRAM                                0x20000ab8   Data        1152  oled.o(.bss)
    USART2_RX_BUF                            0x20000f38   Data         200  wifi.o(.bss)
    GET_BUF                                  0x20001000   Data         200  wifi.o(.bss)
    __initial_sp                             0x200014c8   Data           0  startup_stm32f40_41xxx.o(STACK)



==============================================================================

Memory Map of the image

  Image Entry point : 0x08000189

  Load Region LR_IROM1 (Base: 0x08000000, Size: 0x000058ec, Max: 0x00080000, ABSOLUTE, COMPRESSED[0x00005294])

    Execution Region ER_IROM1 (Base: 0x08000000, Size: 0x0000508c, Max: 0x00080000, ABSOLUTE)

    Base Addr    Size         Type   Attr      Idx    E Section Name        Object

    0x08000000   0x00000188   Data   RO         5887    RESET               startup_stm32f40_41xxx.o
    0x08000188   0x00000000   Code   RO         5892  * .ARM.Collect$$$$00000000  mc_w.l(entry.o)
    0x08000188   0x00000004   Code   RO         6160    .ARM.Collect$$$$00000001  mc_w.l(entry2.o)
    0x0800018c   0x00000004   Code   RO         6163    .ARM.Collect$$$$00000004  mc_w.l(entry5.o)
    0x08000190   0x00000000   Code   RO         6165    .ARM.Collect$$$$00000008  mc_w.l(entry7b.o)
    0x08000190   0x00000000   Code   RO         6167    .ARM.Collect$$$$0000000A  mc_w.l(entry8b.o)
    0x08000190   0x00000008   Code   RO         6168    .ARM.Collect$$$$0000000B  mc_w.l(entry9a.o)
    0x08000198   0x00000000   Code   RO         6170    .ARM.Collect$$$$0000000D  mc_w.l(entry10a.o)
    0x08000198   0x00000000   Code   RO         6172    .ARM.Collect$$$$0000000F  mc_w.l(entry11a.o)
    0x08000198   0x00000004   Code   RO         6161    .ARM.Collect$$$$00002712  mc_w.l(entry2.o)
    0x0800019c   0x00000024   Code   RO         5888    .text               startup_stm32f40_41xxx.o
    0x080001c0   0x00000024   Code   RO         5895    .text               mc_w.l(memseta.o)
    0x080001e4   0x0000001c   Code   RO         5897    .text               mc_w.l(strcmp.o)
    0x08000200   0x00000062   Code   RO         6177    .text               mc_w.l(uldiv.o)
    0x08000262   0x00000002   PAD
    0x08000264   0x00000024   Code   RO         6190    .text               mc_w.l(init.o)
    0x08000288   0x0000001e   Code   RO         6192    .text               mc_w.l(llshl.o)
    0x080002a6   0x00000020   Code   RO         6194    .text               mc_w.l(llushr.o)
    0x080002c6   0x0000005e   Code   RO         6208    .text               mc_w.l(__dclz77c.o)
    0x08000324   0x00000016   Code   RO         1207    i.ADC_Cmd           stm32f4xx_adc.o
    0x0800033a   0x00000002   PAD
    0x0800033c   0x00000030   Code   RO         1208    i.ADC_CommonInit    stm32f4xx_adc.o
    0x0800036c   0x00000016   Code   RO         1211    i.ADC_DMACmd        stm32f4xx_adc.o
    0x08000382   0x00000016   Code   RO         1212    i.ADC_DMARequestAfterLastTransferCmd  stm32f4xx_adc.o
    0x08000398   0x00000054   Code   RO         1227    i.ADC_Init          stm32f4xx_adc.o
    0x080003ec   0x000000b8   Code   RO         1232    i.ADC_RegularChannelConfig  stm32f4xx_adc.o
    0x080004a4   0x0000000a   Code   RO         1234    i.ADC_SoftwareStartConv  stm32f4xx_adc.o
    0x080004ae   0x00000002   PAD
    0x080004b0   0x000000f0   Code   RO          485    i.AD_init           ad.o
    0x080005a0   0x00000004   Code   RO          180    i.BusFault_Handler  stm32f4xx_it.o
    0x080005a4   0x0000001c   Code   RO          903    i.DHT11_init        dht11.o
    0x080005c0   0x0000001c   Code   RO          904    i.DHT11_input       dht11.o
    0x080005dc   0x00000030   Code   RO          905    i.DHT11_output      dht11.o
    0x0800060c   0x00000054   Code   RO          906    i.DHT11_read_bitdata  dht11.o
    0x08000660   0x000000e8   Code   RO          907    i.DHT11_read_data   dht11.o
    0x08000748   0x00000016   Code   RO         2146    i.DMA_Cmd           stm32f4xx_dma.o
    0x0800075e   0x00000002   PAD
    0x08000760   0x00000058   Code   RO         2158    i.DMA_Init          stm32f4xx_dma.o
    0x080007b8   0x00000002   Code   RO          181    i.DebugMon_Handler  stm32f4xx_it.o
    0x080007ba   0x00000002   PAD
    0x080007bc   0x000000d0   Code   RO         1100    i.EXITX_Init        exit.o
    0x0800088c   0x00000040   Code   RO          182    i.EXTI15_10_IRQHandler  stm32f4xx_it.o
    0x080008cc   0x0000003c   Code   RO          183    i.EXTI4_IRQHandler  stm32f4xx_it.o
    0x08000908   0x00000068   Code   RO          184    i.EXTI9_5_IRQHandler  stm32f4xx_it.o
    0x08000970   0x0000000c   Code   RO         2404    i.EXTI_ClearITPendingBit  stm32f4xx_exti.o
    0x0800097c   0x00000018   Code   RO         2408    i.EXTI_GetITStatus  stm32f4xx_exti.o
    0x08000994   0x00000094   Code   RO         2409    i.EXTI_Init         stm32f4xx_exti.o
    0x08000a28   0x00000090   Code   RO         2880    i.GPIO_Init         stm32f4xx_gpio.o
    0x08000ab8   0x00000046   Code   RO         2881    i.GPIO_PinAFConfig  stm32f4xx_gpio.o
    0x08000afe   0x00000012   Code   RO         2884    i.GPIO_ReadInputDataBit  stm32f4xx_gpio.o
    0x08000b10   0x00000004   Code   RO         2887    i.GPIO_ResetBits    stm32f4xx_gpio.o
    0x08000b14   0x00000004   Code   RO         2888    i.GPIO_SetBits      stm32f4xx_gpio.o
    0x08000b18   0x00000008   Code   RO         2890    i.GPIO_ToggleBits   stm32f4xx_gpio.o
    0x08000b20   0x00000024   Code   RO          488    i.Get_Adc_Average   ad.o
    0x08000b44   0x00000004   Code   RO          185    i.HardFault_Handler  stm32f4xx_it.o
    0x08000b48   0x00000034   Code   RO          725    i.I2C_Start         oled.o
    0x08000b7c   0x00000024   Code   RO          726    i.I2C_Stop          oled.o
    0x08000ba0   0x0000002c   Code   RO          727    i.I2C_WaitAck       oled.o
    0x08000bcc   0x00000010   Code   RO          728    i.IIC_delay         oled.o
    0x08000bdc   0x00000004   Code   RO          186    i.MemManage_Handler  stm32f4xx_it.o
    0x08000be0   0x000000b8   Code   RO          390    i.My_USART1_Init    usart.o
    0x08000c98   0x00000002   Code   RO          187    i.NMI_Handler       stm32f4xx_it.o
    0x08000c9a   0x00000002   PAD
    0x08000c9c   0x00000078   Code   RO         1157    i.NVIC_Init         misc.o
    0x08000d14   0x00000014   Code   RO         1158    i.NVIC_PriorityGroupConfig  misc.o
    0x08000d28   0x00000030   Code   RO          729    i.OLED_Clear        oled.o
    0x08000d58   0x000000a8   Code   RO          734    i.OLED_DrawCircle   oled.o
    0x08000e00   0x00000078   Code   RO          736    i.OLED_DrawPoint    oled.o
    0x08000e78   0x00000130   Code   RO          737    i.OLED_Init         oled.o
    0x08000fa8   0x00000016   Code   RO          738    i.OLED_Pow          oled.o
    0x08000fbe   0x00000002   PAD
    0x08000fc0   0x00000068   Code   RO          739    i.OLED_Refresh      oled.o
    0x08001028   0x0000013c   Code   RO          741    i.OLED_ShowChar     oled.o
    0x08001164   0x00000104   Code   RO          742    i.OLED_ShowChinese  oled.o
    0x08001268   0x0000008c   Code   RO          743    i.OLED_ShowNum      oled.o
    0x080012f4   0x0000004a   Code   RO          745    i.OLED_ShowString   oled.o
    0x0800133e   0x00000038   Code   RO          746    i.OLED_WR_Byte      oled.o
    0x08001376   0x00000002   Code   RO          188    i.PendSV_Handler    stm32f4xx_it.o
    0x08001378   0x00000020   Code   RO         3744    i.RCC_AHB1PeriphClockCmd  stm32f4xx_rcc.o
    0x08001398   0x00000020   Code   RO         3753    i.RCC_APB1PeriphClockCmd  stm32f4xx_rcc.o
    0x080013b8   0x00000020   Code   RO         3756    i.RCC_APB2PeriphClockCmd  stm32f4xx_rcc.o
    0x080013d8   0x000000e8   Code   RO         3765    i.RCC_GetClocksFreq  stm32f4xx_rcc.o
    0x080014c0   0x00000002   Code   RO          189    i.SVC_Handler       stm32f4xx_it.o
    0x080014c2   0x00000002   PAD
    0x080014c4   0x00000040   Code   RO         5022    i.SYSCFG_EXTILineConfig  stm32f4xx_syscfg.o
    0x08001504   0x0000004c   Code   RO          747    i.Send_Byte         oled.o
    0x08001550   0x000000ec   Code   RO         1120    i.SetSysClock       system_stm32f4xx.o
    0x0800163c   0x00000002   Code   RO          190    i.SysTick_Handler   stm32f4xx_it.o
    0x0800163e   0x00000002   PAD
    0x08001640   0x00000068   Code   RO         1122    i.SystemInit        system_stm32f4xx.o
    0x080016a8   0x000000b0   Code   RO          452    i.TIM12_PWM_Init    pwm.o
    0x08001758   0x000000c4   Code   RO          453    i.TIM1_PWM_Init     pwm.o
    0x0800181c   0x000000c0   Code   RO          454    i.TIM2_PWM_Init     pwm.o
    0x080018dc   0x000000c4   Code   RO          191    i.TIM5_IRQHandler   stm32f4xx_it.o
    0x080019a0   0x000004c0   Code   RO          192    i.TIM6_DAC_IRQHandler  stm32f4xx_it.o
    0x08001e60   0x00000054   Code   RO          426    i.TIME5_Int_Init    timer.o
    0x08001eb4   0x0000005c   Code   RO          427    i.TIME6_Int_Init    timer.o
    0x08001f10   0x00000018   Code   RO         5079    i.TIM_ARRPreloadConfig  stm32f4xx_tim.o
    0x08001f28   0x00000006   Code   RO         5086    i.TIM_ClearITPendingBit  stm32f4xx_tim.o
    0x08001f2e   0x00000018   Code   RO         5091    i.TIM_Cmd           stm32f4xx_tim.o
    0x08001f46   0x0000001e   Code   RO         5093    i.TIM_CtrlPWMOutputs  stm32f4xx_tim.o
    0x08001f64   0x00000022   Code   RO         5112    i.TIM_GetITStatus   stm32f4xx_tim.o
    0x08001f86   0x00000012   Code   RO         5116    i.TIM_ITConfig      stm32f4xx_tim.o
    0x08001f98   0x0000007c   Code   RO         5120    i.TIM_OC1Init       stm32f4xx_tim.o
    0x08002014   0x00000012   Code   RO         5123    i.TIM_OC1PreloadConfig  stm32f4xx_tim.o
    0x08002026   0x00000002   PAD
    0x08002028   0x000000a4   Code   RO         5125    i.TIM_OC2Init       stm32f4xx_tim.o
    0x080020cc   0x0000001a   Code   RO         5128    i.TIM_OC2PreloadConfig  stm32f4xx_tim.o
    0x080020e6   0x00000002   PAD
    0x080020e8   0x000000a0   Code   RO         5130    i.TIM_OC3Init       stm32f4xx_tim.o
    0x08002188   0x00000012   Code   RO         5133    i.TIM_OC3PreloadConfig  stm32f4xx_tim.o
    0x0800219a   0x00000004   Code   RO         5153    i.TIM_SetCompare1   stm32f4xx_tim.o
    0x0800219e   0x00000004   Code   RO         5154    i.TIM_SetCompare2   stm32f4xx_tim.o
    0x080021a2   0x00000004   Code   RO         5155    i.TIM_SetCompare3   stm32f4xx_tim.o
    0x080021a6   0x00000002   PAD
    0x080021a8   0x00000084   Code   RO         5163    i.TIM_TimeBaseInit  stm32f4xx_tim.o
    0x0800222c   0x00000088   Code   RO          391    i.USART1_IRQHandler  usart.o
    0x080022b4   0x00000194   Code   RO          948    i.USART2_IRQHandler  wifi.o
    0x08002448   0x00000012   Code   RO         5637    i.USART_ClearFlag   stm32f4xx_usart.o
    0x0800245a   0x0000001e   Code   RO         5638    i.USART_ClearITPendingBit  stm32f4xx_usart.o
    0x08002478   0x00000018   Code   RO         5641    i.USART_Cmd         stm32f4xx_usart.o
    0x08002490   0x0000001a   Code   RO         5644    i.USART_GetFlagStatus  stm32f4xx_usart.o
    0x080024aa   0x00000054   Code   RO         5645    i.USART_GetITStatus  stm32f4xx_usart.o
    0x080024fe   0x0000004a   Code   RO         5647    i.USART_ITConfig    stm32f4xx_usart.o
    0x08002548   0x000000cc   Code   RO         5648    i.USART_Init        stm32f4xx_usart.o
    0x08002614   0x0000000a   Code   RO         5655    i.USART_ReceiveData  stm32f4xx_usart.o
    0x0800261e   0x00000008   Code   RO         5658    i.USART_SendData    stm32f4xx_usart.o
    0x08002626   0x00000004   Code   RO          193    i.UsageFault_Handler  stm32f4xx_it.o
    0x0800262a   0x00000002   PAD
    0x0800262c   0x00000154   Code   RO          949    i.WIFI_connect      wifi.o
    0x08002780   0x000000b8   Code   RO          950    i.WIFI_init         wifi.o
    0x08002838   0x00000020   Code   RO         6032    i.__0printf$5       mc_w.l(printf5.o)
    0x08002858   0x0000000e   Code   RO         6202    i.__scatterload_copy  mc_w.l(handlers.o)
    0x08002866   0x00000002   Code   RO         6203    i.__scatterload_null  mc_w.l(handlers.o)
    0x08002868   0x0000000e   Code   RO         6204    i.__scatterload_zeroinit  mc_w.l(handlers.o)
    0x08002876   0x00000002   PAD
    0x08002878   0x000002c0   Code   RO         6039    i._printf_core      mc_w.l(printf5.o)
    0x08002b38   0x00000038   Code   RO         1043    i.drv_bee_init      drv_bee.o
    0x08002b70   0x00000040   Code   RO         1006    i.drv_led_init      drv_led.o
    0x08002bb0   0x00000090   Code   RO          298    i.drv_systick_delay_ms  drv_systick.o
    0x08002c40   0x00000044   Code   RO          299    i.drv_systick_delay_us  drv_systick.o
    0x08002c84   0x00000040   Code   RO          300    i.drv_systick_init  drv_systick.o
    0x08002cc4   0x0000002c   Code   RO          951    i.fputc             wifi.o
    0x08002cf0   0x0000005a   Code   RO            3    i.main              main.o
    0x08002d4a   0x00000002   PAD
    0x08002d4c   0x00000074   Code   RO          748    i.showpage1         oled.o
    0x08002dc0   0x0000020c   Code   RO          749    i.showpage2         oled.o
    0x08002fcc   0x000000fc   Code   RO          750    i.showpage3         oled.o
    0x080030c8   0x00000044   Code   RO          952    i.usart_sendstr     wifi.o
    0x0800310c   0x00001f50   Data   RO          752    .constdata          oled.o
    0x0800505c   0x00000010   Data   RO          908    .constdata          dht11.o
    0x0800506c   0x00000020   Data   RO         6200    Region$$Table       anon$$obj.o


    Execution Region RW_IRAM1 (Base: 0x20000000, Size: 0x000014c8, Max: 0x00020000, ABSOLUTE, COMPRESSED[0x00000208])

    Base Addr    Size         Type   Attr      Idx    E Section Name        Object

    0x20000000   0x00000832   Data   RW            6    .data               main.o
    0x20000832   0x0000000b   Data   RW          194    .data               stm32f4xx_it.o
    0x2000083d   0x00000001   PAD
    0x2000083e   0x00000004   Data   RW          301    .data               drv_systick.o
    0x20000842   0x00000004   Data   RW          393    .data               usart.o
    0x20000846   0x00000005   Data   RW          954    .data               wifi.o
    0x2000084b   0x00000010   Data   RW         3797    .data               stm32f4xx_rcc.o
    0x2000085b   0x00000001   PAD
    0x2000085c   0x00000004   Data   RW         6174    .data               mc_w.l(stdout.o)
    0x20000860   0x000000c8   Zero   RW          392    .bss                usart.o
    0x20000928   0x00000190   Zero   RW          489    .bss                ad.o
    0x20000ab8   0x00000480   Zero   RW          751    .bss                oled.o
    0x20000f38   0x00000190   Zero   RW          953    .bss                wifi.o
    0x200010c8   0x00000400   Zero   RW         5885    STACK               startup_stm32f40_41xxx.o


==============================================================================

Image component sizes


      Code (inc. data)   RO Data    RW Data    ZI Data      Debug   Object Name

       276         26          0          0        400       1703   ad.o
       420         36         16          0          0       3173   dht11.o
        56          6          0          0          0        507   drv_bee.o
        64          4          0          0          0        515   drv_led.o
       276         18          0          4          0       1869   drv_systick.o
       208         10          0          0          0        661   exit.o
        90          0          0       2098          0     312754   main.o
       140         24          0          0          0       1627   misc.o
      2728        132       8016          0       1152      13071   oled.o
       564         22          0          0          0       1973   pwm.o
        36          8        392          0       1024        900   startup_stm32f40_41xxx.o
       392         24          0          0          0       5671   stm32f4xx_adc.o
       110          6          0          0          0       2457   stm32f4xx_dma.o
       184         16          0          0          0       2200   stm32f4xx_exti.o
       248          0          0          0          0       4241   stm32f4xx_gpio.o
      1666        178          0         11          0       7681   stm32f4xx_it.o
       328         36          0         16          0       4735   stm32f4xx_rcc.o
        64          4          0          0          0        672   stm32f4xx_syscfg.o
       790         58          0          0          0      10875   stm32f4xx_tim.o
       478          8          0          0          0       6885   stm32f4xx_usart.o
       340         32          0          0          0       1737   system_stm32f4xx.o
       176         10          0          0          0       1254   timer.o
       320         22          0          4        200       1821   usart.o
      1040        218          0          5        400       5127   wifi.o

    ----------------------------------------------------------------------
     11020        898       8456       2140       3176     394109   Object Totals
         0          0         32          0          0          0   (incl. Generated)
        26          0          0          2          0          0   (incl. Padding)

    ----------------------------------------------------------------------

      Code (inc. data)   RO Data    RW Data    ZI Data      Debug   Library Member Name

        94          0          0          0          0          0   __dclz77c.o
         0          0          0          0          0          0   entry.o
         0          0          0          0          0          0   entry10a.o
         0          0          0          0          0          0   entry11a.o
         8          4          0          0          0          0   entry2.o
         4          0          0          0          0          0   entry5.o
         0          0          0          0          0          0   entry7b.o
         0          0          0          0          0          0   entry8b.o
         8          4          0          0          0          0   entry9a.o
        30          0          0          0          0          0   handlers.o
        36          8          0          0          0         68   init.o
        30          0          0          0          0         68   llshl.o
        32          0          0          0          0         68   llushr.o
        36          0          0          0          0        108   memseta.o
       736         56          0          0          0        184   printf5.o
         0          0          0          4          0          0   stdout.o
        28          0          0          0          0         76   strcmp.o
        98          0          0          0          0         92   uldiv.o

    ----------------------------------------------------------------------
      1144         72          0          4          0        664   Library Totals
         4          0          0          0          0          0   (incl. Padding)

    ----------------------------------------------------------------------

      Code (inc. data)   RO Data    RW Data    ZI Data      Debug   Library Name

      1140         72          0          4          0        664   mc_w.l

    ----------------------------------------------------------------------
      1144         72          0          4          0        664   Library Totals

    ----------------------------------------------------------------------

==============================================================================


      Code (inc. data)   RO Data    RW Data    ZI Data      Debug   

     12164        970       8456       2144       3176     384197   Grand Totals
     12164        970       8456        520       3176     384197   ELF Image Totals (compressed)
     12164        970       8456        520          0          0   ROM Totals

==============================================================================

    Total RO  Size (Code + RO Data)                20620 (  20.14kB)
    Total RW  Size (RW Data + ZI Data)              5320 (   5.20kB)
    Total ROM Size (Code + RO Data + RW Data)      21140 (  20.64kB)

==============================================================================

